Note that I requested 'Typescript: Remove Unused Imports' from the command palette manually.
The relevant logs for that action begin at below exactly at:
               `Info 88   [21:27:05.976] request:`


The Cursor UI was running on Windows, but the tsserver was running on Linux x86_64 inside of a devcontainer, over SSH.

Version: 3.15.6 (user setup)
VS Code Extension API: 1.128.0
Commit: a1f686545fd0ce8917bbd2449f733551a9bce420
Date: 2026-08-06T01:41:03.876Z
Layout: IDE
Build Type: Stable
Release Track: Default
Electron: 40.10.3
Chromium: 144.0.7559.236
Node.js: 24.15.0
V8: 14.4.258.32-electron.0
xterm.js: 6.1.0-beta.291
OS: Windows_NT x64 10.0.26200


Info 0    [21:26:10.531] Starting TS Server
Info 1    [21:26:10.531] Version: 6.0.3
Info 2    [21:26:10.531] Arguments: /home/node/.cursor-server/bin/a1f686545fd0ce8917bbd2449f733551a9bce420/node /workspaces/imports-broken/node_modules/typescript/lib/tsserver.js --useInferredProjectPerProjectRoot --enableTelemetry --cancellationPipeName /tmp/vscode-typescript1000/7a0cadbe280e43680318/tscancellation-5850052009cdf1e49b69.tmp* --logVerbosity verbose --logFile /home/node/.cursor-server/data/logs/20260809T212038/exthost1/vscode.typescript-language-features/tsserver-log-HQnkU3/tsserver.log --locale en --noGetErrOnBackgroundUpdate --canUseWatchEvents --validateDefaultNpmLocation --useNodeIpc
Info 3    [21:26:10.531] Platform: linux NodeVersion: v22.22.1 CaseSensitive: true
Info 4    [21:26:10.531] ServerMode: undefined hasUnknownServerMode: undefined
Info 5    [21:26:10.533] currentDirectory:: / useCaseSensitiveFileNames:: true
Info 6    [21:26:10.533] libs Location:: /workspaces/imports-broken/node_modules/typescript/lib
Info 7    [21:26:10.533] globalTypingsCacheLocation:: /home/node/.cache/typescript/6.0
Info 8    [21:26:10.533] Binding...
Info 9    [21:26:10.536] request:
    {
      "seq": 0,
      "type": "request",
      "command": "configure",
      "arguments": {
        "hostInfo": "vscode",
        "preferences": {
          "providePrefixAndSuffixTextForRename": true,
          "allowRenameOfImportPath": true,
          "includePackageJsonAutoImports": "auto",
          "excludeLibrarySymbolsInNavTo": true
        }
      }
    }
Info 10   [21:26:10.536] Host information vscode
Info 11   [21:26:10.536] response:
    {"seq":0,"type":"response","command":"configure","request_seq":0,"success":true}
Perf 12   [21:26:10.536] 0::configure: async elapsed time (in milliseconds) 0.3361
Info 13   [21:26:10.536] request:
    {
      "seq": 1,
      "type": "request",
      "command": "compilerOptionsForInferredProjects",
      "arguments": {
        "options": {
          "module": "ESNext",
          "moduleResolution": "Bundler",
          "target": "ES2024",
          "jsx": "react-jsx",
          "allowImportingTsExtensions": true,
          "checkJs": false,
          "experimentalDecorators": false,
          "strictNullChecks": true,
          "strictFunctionTypes": true,
          "strict": true,
          "sourceMap": true,
          "allowJs": true,
          "allowSyntheticDefaultImports": true,
          "allowNonTsExtensions": true,
          "resolveJsonModule": true
        }
      }
    }
Perf 14   [21:26:10.536] 1::compilerOptionsForInferredProjects: elapsed time (in milliseconds) 0.1283
Info 15   [21:26:10.536] response:
    {"seq":0,"type":"response","command":"compilerOptionsForInferredProjects","request_seq":1,"success":true,"body":true}
Info 16   [21:26:10.536] event:
    {"seq":0,"type":"event","event":"typingsInstallerPid","body":{"pid":1367}}
Info 17   [21:26:10.612] request:
    {
      "seq": 2,
      "type": "request",
      "command": "updateOpen",
      "arguments": {
        "changedFiles": [],
        "closedFiles": [],
        "openFiles": [
          {
            "file": "/workspaces/imports-broken/src/main.ts",
            "fileContent": "import { createHash } from \"node:crypto\";\n\n// ------------------------------------------------------------------------------------------------\n// trying to use run this from the command palette does nothing: TypeScript: Remove Unused Imports\n// ------------------------------------------------------------------------------------------------\n\n// ------------------------------------------------------------------------------------------------\n// Furthermore the first time you try to format, you will get get an error:\n// Note: the error does not subsequently show up again. You only see it once:\n// ------------------------------------------------------------------------------------------------\n\n// [Window Title]\n// Cursor\n\n// [Main Instruction]\n// Configure Default Formatter\n\n// [Content]\n// Extension 'esbenp.prettier-vscode' is configured as formatter but not available. Select a different default formatter to continue.\n\n// [Configure...] [Cancel]\n",
            "projectRootPath": "/workspaces/imports-broken",
            "scriptKindName": "TS"
          }
        ]
      }
    }
Info 18   [21:26:10.613] getConfigFileNameForFile:: File: /workspaces/imports-broken/src/main.ts ProjectRootPath: /workspaces/imports-broken:: Result: /workspaces/imports-broken/tsconfig.json
Info 19   [21:26:10.613] Creating ConfiguredProject: /workspaces/imports-broken/tsconfig.json, currentDirectory: /workspaces/imports-broken
Info 20   [21:26:10.614] FileWatcher:: Added:: WatchInfo: /workspaces/imports-broken/tsconfig.json 2000 undefined Project: /workspaces/imports-broken/tsconfig.json WatchType: Config file
Info 21   [21:26:10.614] event:
    {"seq":0,"type":"event","event":"createFileWatcher","body":{"id":1,"path":"/workspaces/imports-broken/tsconfig.json"}}
Info 22   [21:26:10.619] Config: /workspaces/imports-broken/tsconfig.json : {
 "rootNames": [
  "/workspaces/imports-broken/src/main.ts"
 ],
 "options": {
  "allowImportingTsExtensions": true,
  "erasableSyntaxOnly": true,
  "esModuleInterop": true,
  "skipLibCheck": true,
  "allowJs": true,
  "resolveJsonModule": true,
  "moduleDetection": 3,
  "isolatedModules": true,
  "verbatimModuleSyntax": true,
  "noUncheckedIndexedAccess": true,
  "noImplicitOverride": true,
  "strict": true,
  "target": 99,
  "lib": [
   "lib.esnext.d.ts"
  ],
  "module": 199,
  "types": [
   "node"
  ],
  "moduleResolution": 99,
  "noEmit": true,
  "configFilePath": "/workspaces/imports-broken/tsconfig.json"
 }
}
Info 23   [21:26:10.619] event:
    {"seq":0,"type":"event","event":"projectLoadingStart","body":{"projectName":"/workspaces/imports-broken/tsconfig.json","reason":"Creating possible configured project for /workspaces/imports-broken/src/main.ts to open"}}
Info 24   [21:26:10.620] DirectoryWatcher:: Added:: WatchInfo: /workspaces/imports-broken/src 1 undefined Config: /workspaces/imports-broken/tsconfig.json WatchType: Wild card directory
Info 25   [21:26:10.620] event:
    {"seq":0,"type":"event","event":"createDirectoryWatcher","body":{"id":2,"path":"/workspaces/imports-broken/src","recursive":true,"ignoreUpdate":true}}
Info 26   [21:26:10.620] Elapsed:: 0.06673799999998664ms DirectoryWatcher:: Added:: WatchInfo: /workspaces/imports-broken/src 1 undefined Config: /workspaces/imports-broken/tsconfig.json WatchType: Wild card directory
Info 27   [21:26:10.620] Starting updateGraphWorker: Project: /workspaces/imports-broken/tsconfig.json
Info 28   [21:26:10.627] FileWatcher:: Added:: WatchInfo: /workspaces/imports-broken/node_modules/@types/node/package.json 2000 undefined Project: /workspaces/imports-broken/tsconfig.json WatchType: File location affecting resolution
Info 29   [21:26:10.627] event:
    {"seq":0,"type":"event","event":"createFileWatcher","body":{"id":3,"path":"/workspaces/imports-broken/node_modules/@types/node/package.json"}}
Info 30   [21:26:10.627] DirectoryWatcher:: Added:: WatchInfo: /workspaces/imports-broken/node_modules 1 undefined WatchType: node_modules for closed script infos and package.jsons affecting module specifier cache
Info 31   [21:26:10.627] event:
    {"seq":0,"type":"event","event":"createDirectoryWatcher","body":{"id":4,"path":"/workspaces/imports-broken/node_modules","recursive":true}}
Info 32   [21:26:10.627] Elapsed:: 0.039373999999980924ms DirectoryWatcher:: Added:: WatchInfo: /workspaces/imports-broken/node_modules 1 undefined WatchType: node_modules for closed script infos and package.jsons affecting module specifier cache
Info 33   [21:26:10.648] DirectoryWatcher:: Added:: WatchInfo: /workspaces/imports-broken/node_modules 1 undefined Project: /workspaces/imports-broken/tsconfig.json WatchType: Failed Lookup Locations
Info 34   [21:26:10.648] Elapsed:: 0.004990999999989754ms DirectoryWatcher:: Added:: WatchInfo: /workspaces/imports-broken/node_modules 1 undefined Project: /workspaces/imports-broken/tsconfig.json WatchType: Failed Lookup Locations
Info 35   [21:26:10.648] FileWatcher:: Added:: WatchInfo: /workspaces/imports-broken/node_modules/undici-types/package.json 2000 undefined Project: /workspaces/imports-broken/tsconfig.json WatchType: File location affecting resolution
Info 36   [21:26:10.648] event:
    {"seq":0,"type":"event","event":"createFileWatcher","body":{"id":5,"path":"/workspaces/imports-broken/node_modules/undici-types/package.json"}}
Info 37   [21:26:10.875] DirectoryWatcher:: Added:: WatchInfo: /workspaces/imports-broken/src 0 undefined Project: /workspaces/imports-broken/tsconfig.json WatchType: Failed Lookup Locations
Info 38   [21:26:10.875] event:
    {"seq":0,"type":"event","event":"createDirectoryWatcher","body":{"id":6,"path":"/workspaces/imports-broken/src","recursive":false,"ignoreUpdate":true}}
Info 39   [21:26:10.875] Elapsed:: 0.0826900000000137ms DirectoryWatcher:: Added:: WatchInfo: /workspaces/imports-broken/src 0 undefined Project: /workspaces/imports-broken/tsconfig.json WatchType: Failed Lookup Locations
Info 40   [21:26:10.875] FileWatcher:: Added:: WatchInfo: /workspaces/imports-broken/package.json 2000 undefined Project: /workspaces/imports-broken/tsconfig.json WatchType: File location affecting resolution
Info 41   [21:26:10.875] event:
    {"seq":0,"type":"event","event":"createFileWatcher","body":{"id":7,"path":"/workspaces/imports-broken/package.json"}}
Info 42   [21:26:10.885] FileWatcher:: Added:: WatchInfo: /workspaces/imports-broken/node_modules/typescript/lib/package.json 2000 undefined Project: /workspaces/imports-broken/tsconfig.json WatchType: File location affecting resolution
Info 43   [21:26:10.885] event:
    {"seq":0,"type":"event","event":"createFileWatcher","body":{"id":8,"path":"/workspaces/imports-broken/node_modules/typescript/lib/package.json"}}
Info 44   [21:26:10.885] FileWatcher:: Added:: WatchInfo: /workspaces/imports-broken/node_modules/typescript/package.json 2000 undefined Project: /workspaces/imports-broken/tsconfig.json WatchType: File location affecting resolution
Info 45   [21:26:10.885] event:
    {"seq":0,"type":"event","event":"createFileWatcher","body":{"id":9,"path":"/workspaces/imports-broken/node_modules/typescript/package.json"}}
Info 46   [21:26:10.886] FileWatcher:: Added:: WatchInfo: /workspaces/imports-broken/src/package.json 2000 undefined Project: /workspaces/imports-broken/tsconfig.json WatchType: File location affecting resolution
Info 47   [21:26:10.886] event:
    {"seq":0,"type":"event","event":"createFileWatcher","body":{"id":10,"path":"/workspaces/imports-broken/src/package.json"}}
Info 48   [21:26:10.886] FileWatcher:: Added:: WatchInfo: /workspaces/imports-broken/node_modules/@types/node/web-globals/package.json 2000 undefined Project: /workspaces/imports-broken/tsconfig.json WatchType: File location affecting resolution
Info 49   [21:26:10.886] event:
    {"seq":0,"type":"event","event":"createFileWatcher","body":{"id":11,"path":"/workspaces/imports-broken/node_modules/@types/node/web-globals/package.json"}}
Info 50   [21:26:10.886] FileWatcher:: Added:: WatchInfo: /workspaces/imports-broken/node_modules/@types/node/assert/package.json 2000 undefined Project: /workspaces/imports-broken/tsconfig.json WatchType: File location affecting resolution
Info 51   [21:26:10.886] event:
    {"seq":0,"type":"event","event":"createFileWatcher","body":{"id":12,"path":"/workspaces/imports-broken/node_modules/@types/node/assert/package.json"}}
Info 52   [21:26:10.886] FileWatcher:: Added:: WatchInfo: /workspaces/imports-broken/node_modules/@types/node/dns/package.json 2000 undefined Project: /workspaces/imports-broken/tsconfig.json WatchType: File location affecting resolution
Info 53   [21:26:10.886] event:
    {"seq":0,"type":"event","event":"createFileWatcher","body":{"id":13,"path":"/workspaces/imports-broken/node_modules/@types/node/dns/package.json"}}
Info 54   [21:26:10.886] FileWatcher:: Added:: WatchInfo: /workspaces/imports-broken/node_modules/@types/node/fs/package.json 2000 undefined Project: /workspaces/imports-broken/tsconfig.json WatchType: File location affecting resolution
Info 55   [21:26:10.886] event:
    {"seq":0,"type":"event","event":"createFileWatcher","body":{"id":14,"path":"/workspaces/imports-broken/node_modules/@types/node/fs/package.json"}}
Info 56   [21:26:10.886] FileWatcher:: Added:: WatchInfo: /workspaces/imports-broken/node_modules/@types/node/inspector/package.json 2000 undefined Project: /workspaces/imports-broken/tsconfig.json WatchType: File location affecting resolution
Info 57   [21:26:10.886] event:
    {"seq":0,"type":"event","event":"createFileWatcher","body":{"id":15,"path":"/workspaces/imports-broken/node_modules/@types/node/inspector/package.json"}}
Info 58   [21:26:10.886] FileWatcher:: Added:: WatchInfo: /workspaces/imports-broken/node_modules/@types/node/path/package.json 2000 undefined Project: /workspaces/imports-broken/tsconfig.json WatchType: File location affecting resolution
Info 59   [21:26:10.886] event:
    {"seq":0,"type":"event","event":"createFileWatcher","body":{"id":16,"path":"/workspaces/imports-broken/node_modules/@types/node/path/package.json"}}
Info 60   [21:26:10.886] FileWatcher:: Added:: WatchInfo: /workspaces/imports-broken/node_modules/@types/node/readline/package.json 2000 undefined Project: /workspaces/imports-broken/tsconfig.json WatchType: File location affecting resolution
Info 61   [21:26:10.886] event:
    {"seq":0,"type":"event","event":"createFileWatcher","body":{"id":17,"path":"/workspaces/imports-broken/node_modules/@types/node/readline/package.json"}}
Info 62   [21:26:10.886] FileWatcher:: Added:: WatchInfo: /workspaces/imports-broken/node_modules/@types/node/stream/package.json 2000 undefined Project: /workspaces/imports-broken/tsconfig.json WatchType: File location affecting resolution
Info 63   [21:26:10.886] event:
    {"seq":0,"type":"event","event":"createFileWatcher","body":{"id":18,"path":"/workspaces/imports-broken/node_modules/@types/node/stream/package.json"}}
Info 64   [21:26:10.886] FileWatcher:: Added:: WatchInfo: /workspaces/imports-broken/node_modules/@types/node/test/package.json 2000 undefined Project: /workspaces/imports-broken/tsconfig.json WatchType: File location affecting resolution
Info 65   [21:26:10.886] event:
    {"seq":0,"type":"event","event":"createFileWatcher","body":{"id":19,"path":"/workspaces/imports-broken/node_modules/@types/node/test/package.json"}}
Info 66   [21:26:10.886] FileWatcher:: Added:: WatchInfo: /workspaces/imports-broken/node_modules/@types/node/timers/package.json 2000 undefined Project: /workspaces/imports-broken/tsconfig.json WatchType: File location affecting resolution
Info 67   [21:26:10.886] event:
    {"seq":0,"type":"event","event":"createFileWatcher","body":{"id":20,"path":"/workspaces/imports-broken/node_modules/@types/node/timers/package.json"}}
Info 68   [21:26:10.886] FileWatcher:: Added:: WatchInfo: /workspaces/imports-broken/node_modules/@types/node/util/package.json 2000 undefined Project: /workspaces/imports-broken/tsconfig.json WatchType: File location affecting resolution
Info 69   [21:26:10.886] event:
    {"seq":0,"type":"event","event":"createFileWatcher","body":{"id":21,"path":"/workspaces/imports-broken/node_modules/@types/node/util/package.json"}}
Info 70   [21:26:10.886] FileWatcher:: Added:: WatchInfo: /workspaces/imports-broken/node_modules/@types/node/zlib/package.json 2000 undefined Project: /workspaces/imports-broken/tsconfig.json WatchType: File location affecting resolution
Info 71   [21:26:10.886] event:
    {"seq":0,"type":"event","event":"createFileWatcher","body":{"id":22,"path":"/workspaces/imports-broken/node_modules/@types/node/zlib/package.json"}}
Info 72   [21:26:10.886] Finishing updateGraphWorker: Project: /workspaces/imports-broken/tsconfig.json projectStateVersion: 1 projectProgramVersion: 0 structureChanged: true structureIsReused:: Not Elapsed: 265.673916ms
Info 73   [21:26:10.886] Project '/workspaces/imports-broken/tsconfig.json' (Configured)
Info 74   [21:26:10.888] 	Files (214)
	/workspaces/imports-broken/node_modules/typescript/lib/lib.es5.d.ts
	/workspaces/imports-broken/node_modules/typescript/lib/lib.es2015.d.ts
	/workspaces/imports-broken/node_modules/typescript/lib/lib.es2016.d.ts
	/workspaces/imports-broken/node_modules/typescript/lib/lib.es2017.d.ts
	/workspaces/imports-broken/node_modules/typescript/lib/lib.es2018.d.ts
	/workspaces/imports-broken/node_modules/typescript/lib/lib.es2019.d.ts
	/workspaces/imports-broken/node_modules/typescript/lib/lib.es2020.d.ts
	/workspaces/imports-broken/node_modules/typescript/lib/lib.es2021.d.ts
	/workspaces/imports-broken/node_modules/typescript/lib/lib.es2022.d.ts
	/workspaces/imports-broken/node_modules/typescript/lib/lib.es2023.d.ts
	/workspaces/imports-broken/node_modules/typescript/lib/lib.es2024.d.ts
	/workspaces/imports-broken/node_modules/typescript/lib/lib.es2025.d.ts
	/workspaces/imports-broken/node_modules/typescript/lib/lib.esnext.d.ts
	/workspaces/imports-broken/node_modules/typescript/lib/lib.es2015.core.d.ts
	/workspaces/imports-broken/node_modules/typescript/lib/lib.es2015.collection.d.ts
	/workspaces/imports-broken/node_modules/typescript/lib/lib.es2015.generator.d.ts
	/workspaces/imports-broken/node_modules/typescript/lib/lib.es2015.iterable.d.ts
	/workspaces/imports-broken/node_modules/typescript/lib/lib.es2015.promise.d.ts
	/workspaces/imports-broken/node_modules/typescript/lib/lib.es2015.proxy.d.ts
	/workspaces/imports-broken/node_modules/typescript/lib/lib.es2015.reflect.d.ts
	/workspaces/imports-broken/node_modules/typescript/lib/lib.es2015.symbol.d.ts
	/workspaces/imports-broken/node_modules/typescript/lib/lib.es2015.symbol.wellknown.d.ts
	/workspaces/imports-broken/node_modules/typescript/lib/lib.es2016.array.include.d.ts
	/workspaces/imports-broken/node_modules/typescript/lib/lib.es2016.intl.d.ts
	/workspaces/imports-broken/node_modules/typescript/lib/lib.es2017.arraybuffer.d.ts
	/workspaces/imports-broken/node_modules/typescript/lib/lib.es2017.date.d.ts
	/workspaces/imports-broken/node_modules/typescript/lib/lib.es2017.object.d.ts
	/workspaces/imports-broken/node_modules/typescript/lib/lib.es2017.sharedmemory.d.ts
	/workspaces/imports-broken/node_modules/typescript/lib/lib.es2017.string.d.ts
	/workspaces/imports-broken/node_modules/typescript/lib/lib.es2017.intl.d.ts
	/workspaces/imports-broken/node_modules/typescript/lib/lib.es2017.typedarrays.d.ts
	/workspaces/imports-broken/node_modules/typescript/lib/lib.es2018.asyncgenerator.d.ts
	/workspaces/imports-broken/node_modules/typescript/lib/lib.es2018.asynciterable.d.ts
	/workspaces/imports-broken/node_modules/typescript/lib/lib.es2018.intl.d.ts
	/workspaces/imports-broken/node_modules/typescript/lib/lib.es2018.promise.d.ts
	/workspaces/imports-broken/node_modules/typescript/lib/lib.es2018.regexp.d.ts
	/workspaces/imports-broken/node_modules/typescript/lib/lib.es2019.array.d.ts
	/workspaces/imports-broken/node_modules/typescript/lib/lib.es2019.object.d.ts
	/workspaces/imports-broken/node_modules/typescript/lib/lib.es2019.string.d.ts
	/workspaces/imports-broken/node_modules/typescript/lib/lib.es2019.symbol.d.ts
	/workspaces/imports-broken/node_modules/typescript/lib/lib.es2019.intl.d.ts
	/workspaces/imports-broken/node_modules/typescript/lib/lib.es2020.bigint.d.ts
	/workspaces/imports-broken/node_modules/typescript/lib/lib.es2020.date.d.ts
	/workspaces/imports-broken/node_modules/typescript/lib/lib.es2020.promise.d.ts
	/workspaces/imports-broken/node_modules/typescript/lib/lib.es2020.sharedmemory.d.ts
	/workspaces/imports-broken/node_modules/typescript/lib/lib.es2020.string.d.ts
	/workspaces/imports-broken/node_modules/typescript/lib/lib.es2020.symbol.wellknown.d.ts
	/workspaces/imports-broken/node_modules/typescript/lib/lib.es2020.intl.d.ts
	/workspaces/imports-broken/node_modules/typescript/lib/lib.es2020.number.d.ts
	/workspaces/imports-broken/node_modules/typescript/lib/lib.es2021.promise.d.ts
	/workspaces/imports-broken/node_modules/typescript/lib/lib.es2021.string.d.ts
	/workspaces/imports-broken/node_modules/typescript/lib/lib.es2021.weakref.d.ts
	/workspaces/imports-broken/node_modules/typescript/lib/lib.es2021.intl.d.ts
	/workspaces/imports-broken/node_modules/typescript/lib/lib.es2022.array.d.ts
	/workspaces/imports-broken/node_modules/typescript/lib/lib.es2022.error.d.ts
	/workspaces/imports-broken/node_modules/typescript/lib/lib.es2022.intl.d.ts
	/workspaces/imports-broken/node_modules/typescript/lib/lib.es2022.object.d.ts
	/workspaces/imports-broken/node_modules/typescript/lib/lib.es2022.string.d.ts
	/workspaces/imports-broken/node_modules/typescript/lib/lib.es2022.regexp.d.ts
	/workspaces/imports-broken/node_modules/typescript/lib/lib.es2023.array.d.ts
	/workspaces/imports-broken/node_modules/typescript/lib/lib.es2023.collection.d.ts
	/workspaces/imports-broken/node_modules/typescript/lib/lib.es2023.intl.d.ts
	/workspaces/imports-broken/node_modules/typescript/lib/lib.es2024.arraybuffer.d.ts
	/workspaces/imports-broken/node_modules/typescript/lib/lib.es2024.collection.d.ts
	/workspaces/imports-broken/node_modules/typescript/lib/lib.es2024.object.d.ts
	/workspaces/imports-broken/node_modules/typescript/lib/lib.es2024.promise.d.ts
	/workspaces/imports-broken/node_modules/typescript/lib/lib.es2024.regexp.d.ts
	/workspaces/imports-broken/node_modules/typescript/lib/lib.es2024.sharedmemory.d.ts
	/workspaces/imports-broken/node_modules/typescript/lib/lib.es2024.string.d.ts
	/workspaces/imports-broken/node_modules/typescript/lib/lib.es2025.collection.d.ts
	/workspaces/imports-broken/node_modules/typescript/lib/lib.es2025.float16.d.ts
	/workspaces/imports-broken/node_modules/typescript/lib/lib.es2025.intl.d.ts
	/workspaces/imports-broken/node_modules/typescript/lib/lib.es2025.iterator.d.ts
	/workspaces/imports-broken/node_modules/typescript/lib/lib.es2025.promise.d.ts
	/workspaces/imports-broken/node_modules/typescript/lib/lib.es2025.regexp.d.ts
	/workspaces/imports-broken/node_modules/typescript/lib/lib.esnext.array.d.ts
	/workspaces/imports-broken/node_modules/typescript/lib/lib.esnext.collection.d.ts
	/workspaces/imports-broken/node_modules/typescript/lib/lib.esnext.date.d.ts
	/workspaces/imports-broken/node_modules/typescript/lib/lib.esnext.decorators.d.ts
	/workspaces/imports-broken/node_modules/typescript/lib/lib.esnext.disposable.d.ts
	/workspaces/imports-broken/node_modules/typescript/lib/lib.esnext.error.d.ts
	/workspaces/imports-broken/node_modules/typescript/lib/lib.esnext.intl.d.ts
	/workspaces/imports-broken/node_modules/typescript/lib/lib.esnext.sharedmemory.d.ts
	/workspaces/imports-broken/node_modules/typescript/lib/lib.esnext.temporal.d.ts
	/workspaces/imports-broken/node_modules/typescript/lib/lib.esnext.typedarrays.d.ts
	/workspaces/imports-broken/node_modules/typescript/lib/lib.decorators.d.ts
	/workspaces/imports-broken/node_modules/typescript/lib/lib.decorators.legacy.d.ts
	/workspaces/imports-broken/src/main.ts
	/workspaces/imports-broken/node_modules/@types/node/globals.typedarray.d.ts
	/workspaces/imports-broken/node_modules/@types/node/buffer.buffer.d.ts
	/workspaces/imports-broken/node_modules/@types/node/globals.d.ts
	/workspaces/imports-broken/node_modules/@types/node/web-globals/abortcontroller.d.ts
	/workspaces/imports-broken/node_modules/@types/node/web-globals/blob.d.ts
	/workspaces/imports-broken/node_modules/@types/node/web-globals/console.d.ts
	/workspaces/imports-broken/node_modules/@types/node/web-globals/crypto.d.ts
	/workspaces/imports-broken/node_modules/@types/node/web-globals/domexception.d.ts
	/workspaces/imports-broken/node_modules/@types/node/web-globals/encoding.d.ts
	/workspaces/imports-broken/node_modules/@types/node/web-globals/events.d.ts
	/workspaces/imports-broken/node_modules/undici-types/utility.d.ts
	/workspaces/imports-broken/node_modules/undici-types/header.d.ts
	/workspaces/imports-broken/node_modules/undici-types/readable.d.ts
	/workspaces/imports-broken/node_modules/undici-types/fetch.d.ts
	/workspaces/imports-broken/node_modules/undici-types/formdata.d.ts
	/workspaces/imports-broken/node_modules/undici-types/connector.d.ts
	/workspaces/imports-broken/node_modules/undici-types/client-stats.d.ts
	/workspaces/imports-broken/node_modules/undici-types/client.d.ts
	/workspaces/imports-broken/node_modules/undici-types/errors.d.ts
	/workspaces/imports-broken/node_modules/undici-types/dispatcher.d.ts
	/workspaces/imports-broken/node_modules/undici-types/global-dispatcher.d.ts
	/workspaces/imports-broken/node_modules/undici-types/global-origin.d.ts
	/workspaces/imports-broken/node_modules/undici-types/pool-stats.d.ts
	/workspaces/imports-broken/node_modules/undici-types/pool.d.ts
	/workspaces/imports-broken/node_modules/undici-types/handlers.d.ts
	/workspaces/imports-broken/node_modules/undici-types/balanced-pool.d.ts
	/workspaces/imports-broken/node_modules/undici-types/round-robin-pool.d.ts
	/workspaces/imports-broken/node_modules/undici-types/h2c-client.d.ts
	/workspaces/imports-broken/node_modules/undici-types/agent.d.ts
	/workspaces/imports-broken/node_modules/undici-types/dispatcher1-wrapper.d.ts
	/workspaces/imports-broken/node_modules/undici-types/mock-interceptor.d.ts
	/workspaces/imports-broken/node_modules/undici-types/mock-call-history.d.ts
	/workspaces/imports-broken/node_modules/undici-types/mock-agent.d.ts
	/workspaces/imports-broken/node_modules/undici-types/mock-client.d.ts
	/workspaces/imports-broken/node_modules/undici-types/mock-pool.d.ts
	/workspaces/imports-broken/node_modules/undici-types/snapshot-agent.d.ts
	/workspaces/imports-broken/node_modules/undici-types/mock-errors.d.ts
	/workspaces/imports-broken/node_modules/undici-types/proxy-agent.d.ts
	/workspaces/imports-broken/node_modules/undici-types/socks5-proxy-agent.d.ts
	/workspaces/imports-broken/node_modules/undici-types/env-http-proxy-agent.d.ts
	/workspaces/imports-broken/node_modules/undici-types/retry-handler.d.ts
	/workspaces/imports-broken/node_modules/undici-types/retry-agent.d.ts
	/workspaces/imports-broken/node_modules/undici-types/api.d.ts
	/workspaces/imports-broken/node_modules/undici-types/cache-interceptor.d.ts
	/workspaces/imports-broken/node_modules/undici-types/interceptors.d.ts
	/workspaces/imports-broken/node_modules/undici-types/util.d.ts
	/workspaces/imports-broken/node_modules/undici-types/cookies.d.ts
	/workspaces/imports-broken/node_modules/undici-types/patch.d.ts
	/workspaces/imports-broken/node_modules/undici-types/websocket.d.ts
	/workspaces/imports-broken/node_modules/undici-types/eventsource.d.ts
	/workspaces/imports-broken/node_modules/undici-types/diagnostics-channel.d.ts
	/workspaces/imports-broken/node_modules/undici-types/content-type.d.ts
	/workspaces/imports-broken/node_modules/undici-types/cache.d.ts
	/workspaces/imports-broken/node_modules/undici-types/index.d.ts
	/workspaces/imports-broken/node_modules/@types/node/web-globals/fetch.d.ts
	/workspaces/imports-broken/node_modules/@types/node/web-globals/importmeta.d.ts
	/workspaces/imports-broken/node_modules/@types/node/web-globals/messaging.d.ts
	/workspaces/imports-broken/node_modules/@types/node/web-globals/navigator.d.ts
	/workspaces/imports-broken/node_modules/@types/node/web-globals/performance.d.ts
	/workspaces/imports-broken/node_modules/@types/node/web-globals/storage.d.ts
	/workspaces/imports-broken/node_modules/@types/node/web-globals/streams.d.ts
	/workspaces/imports-broken/node_modules/@types/node/web-globals/timers.d.ts
	/workspaces/imports-broken/node_modules/@types/node/web-globals/url.d.ts
	/workspaces/imports-broken/node_modules/@types/node/assert.d.ts
	/workspaces/imports-broken/node_modules/@types/node/assert/strict.d.ts
	/workspaces/imports-broken/node_modules/@types/node/async_hooks.d.ts
	/workspaces/imports-broken/node_modules/@types/node/buffer.d.ts
	/workspaces/imports-broken/node_modules/@types/node/child_process.d.ts
	/workspaces/imports-broken/node_modules/@types/node/cluster.d.ts
	/workspaces/imports-broken/node_modules/@types/node/console.d.ts
	/workspaces/imports-broken/node_modules/@types/node/constants.d.ts
	/workspaces/imports-broken/node_modules/@types/node/crypto.d.ts
	/workspaces/imports-broken/node_modules/@types/node/dgram.d.ts
	/workspaces/imports-broken/node_modules/@types/node/diagnostics_channel.d.ts
	/workspaces/imports-broken/node_modules/@types/node/dns.d.ts
	/workspaces/imports-broken/node_modules/@types/node/dns/promises.d.ts
	/workspaces/imports-broken/node_modules/@types/node/domain.d.ts
	/workspaces/imports-broken/node_modules/@types/node/events.d.ts
	/workspaces/imports-broken/node_modules/@types/node/ffi.d.ts
	/workspaces/imports-broken/node_modules/@types/node/fs.d.ts
	/workspaces/imports-broken/node_modules/@types/node/fs/promises.d.ts
	/workspaces/imports-broken/node_modules/@types/node/http.d.ts
	/workspaces/imports-broken/node_modules/@types/node/http2.d.ts
	/workspaces/imports-broken/node_modules/@types/node/https.d.ts
	/workspaces/imports-broken/node_modules/@types/node/inspector.d.ts
	/workspaces/imports-broken/node_modules/@types/node/inspector.generated.d.ts
	/workspaces/imports-broken/node_modules/@types/node/inspector/promises.d.ts
	/workspaces/imports-broken/node_modules/@types/node/module.d.ts
	/workspaces/imports-broken/node_modules/@types/node/net.d.ts
	/workspaces/imports-broken/node_modules/@types/node/os.d.ts
	/workspaces/imports-broken/node_modules/@types/node/path.d.ts
	/workspaces/imports-broken/node_modules/@types/node/path/posix.d.ts
	/workspaces/imports-broken/node_modules/@types/node/path/win32.d.ts
	/workspaces/imports-broken/node_modules/@types/node/perf_hooks.d.ts
	/workspaces/imports-broken/node_modules/@types/node/process.d.ts
	/workspaces/imports-broken/node_modules/@types/node/punycode.d.ts
	/workspaces/imports-broken/node_modules/@types/node/querystring.d.ts
	/workspaces/imports-broken/node_modules/@types/node/quic.d.ts
	/workspaces/imports-broken/node_modules/@types/node/readline.d.ts
	/workspaces/imports-broken/node_modules/@types/node/readline/promises.d.ts
	/workspaces/imports-broken/node_modules/@types/node/repl.d.ts
	/workspaces/imports-broken/node_modules/@types/node/sea.d.ts
	/workspaces/imports-broken/node_modules/@types/node/sqlite.d.ts
	/workspaces/imports-broken/node_modules/@types/node/stream.d.ts
	/workspaces/imports-broken/node_modules/@types/node/stream/consumers.d.ts
	/workspaces/imports-broken/node_modules/@types/node/stream/iter.d.ts
	/workspaces/imports-broken/node_modules/@types/node/stream/promises.d.ts
	/workspaces/imports-broken/node_modules/@types/node/stream/web.d.ts
	/workspaces/imports-broken/node_modules/@types/node/string_decoder.d.ts
	/workspaces/imports-broken/node_modules/@types/node/test.d.ts
	/workspaces/imports-broken/node_modules/@types/node/test/reporters.d.ts
	/workspaces/imports-broken/node_modules/@types/node/timers.d.ts
	/workspaces/imports-broken/node_modules/@types/node/timers/promises.d.ts
	/workspaces/imports-broken/node_modules/@types/node/tls.d.ts
	/workspaces/imports-broken/node_modules/@types/node/trace_events.d.ts
	/workspaces/imports-broken/node_modules/@types/node/tty.d.ts
	/workspaces/imports-broken/node_modules/@types/node/url.d.ts
	/workspaces/imports-broken/node_modules/@types/node/util.d.ts
	/workspaces/imports-broken/node_modules/@types/node/util/types.d.ts
	/workspaces/imports-broken/node_modules/@types/node/v8.d.ts
	/workspaces/imports-broken/node_modules/@types/node/vm.d.ts
	/workspaces/imports-broken/node_modules/@types/node/wasi.d.ts
	/workspaces/imports-broken/node_modules/@types/node/worker_threads.d.ts
	/workspaces/imports-broken/node_modules/@types/node/zlib.d.ts
	/workspaces/imports-broken/node_modules/@types/node/zlib/iter.d.ts
	/workspaces/imports-broken/node_modules/@types/node/index.d.ts


	node_modules/typescript/lib/lib.es5.d.ts
	  Library referenced via 'es5' from file 'node_modules/typescript/lib/lib.es2015.d.ts'
	node_modules/typescript/lib/lib.es2015.d.ts
	  Library referenced via 'es2015' from file 'node_modules/typescript/lib/lib.es2016.d.ts'
	node_modules/typescript/lib/lib.es2016.d.ts
	  Library referenced via 'es2016' from file 'node_modules/typescript/lib/lib.es2017.d.ts'
	node_modules/typescript/lib/lib.es2017.d.ts
	  Library referenced via 'es2017' from file 'node_modules/typescript/lib/lib.es2018.d.ts'
	node_modules/typescript/lib/lib.es2018.d.ts
	  Library referenced via 'es2018' from file 'node_modules/typescript/lib/lib.es2019.d.ts'
	node_modules/typescript/lib/lib.es2019.d.ts
	  Library referenced via 'es2019' from file 'node_modules/typescript/lib/lib.es2020.d.ts'
	node_modules/typescript/lib/lib.es2020.d.ts
	  Library referenced via 'es2020' from file 'node_modules/@types/node/index.d.ts'
	  Library referenced via 'es2020' from file 'node_modules/typescript/lib/lib.es2021.d.ts'
	node_modules/typescript/lib/lib.es2021.d.ts
	  Library referenced via 'es2021' from file 'node_modules/typescript/lib/lib.es2022.d.ts'
	node_modules/typescript/lib/lib.es2022.d.ts
	  Library referenced via 'es2022' from file 'node_modules/typescript/lib/lib.es2023.d.ts'
	node_modules/typescript/lib/lib.es2023.d.ts
	  Library referenced via 'es2023' from file 'node_modules/typescript/lib/lib.es2024.d.ts'
	node_modules/typescript/lib/lib.es2024.d.ts
	  Library referenced via 'es2024' from file 'node_modules/typescript/lib/lib.es2025.d.ts'
	node_modules/typescript/lib/lib.es2025.d.ts
	  Library referenced via 'es2025' from file 'node_modules/typescript/lib/lib.esnext.d.ts'
	node_modules/typescript/lib/lib.esnext.d.ts
	  Library 'lib.esnext.d.ts' specified in compilerOptions
	node_modules/typescript/lib/lib.es2015.core.d.ts
	  Library referenced via 'es2015.core' from file 'node_modules/typescript/lib/lib.es2015.d.ts'
	node_modules/typescript/lib/lib.es2015.collection.d.ts
	  Library referenced via 'es2015.collection' from file 'node_modules/typescript/lib/lib.es2015.d.ts'
	node_modules/typescript/lib/lib.es2015.generator.d.ts
	  Library referenced via 'es2015.generator' from file 'node_modules/typescript/lib/lib.es2015.d.ts'
	node_modules/typescript/lib/lib.es2015.iterable.d.ts
	  Library referenced via 'es2015.iterable' from file 'node_modules/typescript/lib/lib.es2015.d.ts'
	  Library referenced via 'es2015.iterable' from file 'node_modules/typescript/lib/lib.es2015.generator.d.ts'
	  Library referenced via 'es2015.iterable' from file 'node_modules/typescript/lib/lib.es2018.asynciterable.d.ts'
	  Library referenced via 'es2015.iterable' from file 'node_modules/typescript/lib/lib.es2019.object.d.ts'
	  Library referenced via 'es2015.iterable' from file 'node_modules/typescript/lib/lib.es2020.string.d.ts'
	  Library referenced via 'es2015.iterable' from file 'node_modules/typescript/lib/lib.es2020.symbol.wellknown.d.ts'
	  Library referenced via 'es2015.iterable' from file 'node_modules/typescript/lib/lib.esnext.disposable.d.ts'
	  Library referenced via 'es2015.iterable' from file 'node_modules/typescript/lib/lib.es2025.float16.d.ts'
	  Library referenced via 'es2015.iterable' from file 'node_modules/typescript/lib/lib.es2025.iterator.d.ts'
	node_modules/typescript/lib/lib.es2015.promise.d.ts
	  Library referenced via 'es2015.promise' from file 'node_modules/typescript/lib/lib.es2015.d.ts'
	node_modules/typescript/lib/lib.es2015.proxy.d.ts
	  Library referenced via 'es2015.proxy' from file 'node_modules/typescript/lib/lib.es2015.d.ts'
	node_modules/typescript/lib/lib.es2015.reflect.d.ts
	  Library referenced via 'es2015.reflect' from file 'node_modules/typescript/lib/lib.es2015.d.ts'
	node_modules/typescript/lib/lib.es2015.symbol.d.ts
	  Library referenced via 'es2015.symbol' from file 'node_modules/typescript/lib/lib.es2015.iterable.d.ts'
	  Library referenced via 'es2015.symbol' from file 'node_modules/typescript/lib/lib.es2015.d.ts'
	  Library referenced via 'es2015.symbol' from file 'node_modules/typescript/lib/lib.es2015.symbol.wellknown.d.ts'
	  Library referenced via 'es2015.symbol' from file 'node_modules/typescript/lib/lib.es2017.sharedmemory.d.ts'
	  Library referenced via 'es2015.symbol' from file 'node_modules/typescript/lib/lib.es2018.asynciterable.d.ts'
	  Library referenced via 'es2015.symbol' from file 'node_modules/typescript/lib/lib.es2020.symbol.wellknown.d.ts'
	  Library referenced via 'es2015.symbol' from file 'node_modules/typescript/lib/lib.esnext.disposable.d.ts'
	  Library referenced via 'es2015.symbol' from file 'node_modules/typescript/lib/lib.es2025.float16.d.ts'
	  Library referenced via 'es2015.symbol' from file 'node_modules/typescript/lib/lib.esnext.decorators.d.ts'
	node_modules/typescript/lib/lib.es2015.symbol.wellknown.d.ts
	  Library referenced via 'es2015.symbol.wellknown' from file 'node_modules/typescript/lib/lib.es2015.d.ts'
	  Library referenced via 'es2015.symbol.wellknown' from file 'node_modules/typescript/lib/lib.es2017.sharedmemory.d.ts'
	  Library referenced via 'es2015.symbol.wellknown' from file 'node_modules/typescript/lib/lib.es2021.weakref.d.ts'
	  Library referenced via 'es2015.symbol.wellknown' from file 'node_modules/typescript/lib/lib.esnext.temporal.d.ts'
	node_modules/typescript/lib/lib.es2016.array.include.d.ts
	  Library referenced via 'es2016.array.include' from file 'node_modules/typescript/lib/lib.es2016.d.ts'
	node_modules/typescript/lib/lib.es2016.intl.d.ts
	  Library referenced via 'es2016.intl' from file 'node_modules/typescript/lib/lib.es2016.d.ts'
	node_modules/typescript/lib/lib.es2017.arraybuffer.d.ts
	  Library referenced via 'es2017.arraybuffer' from file 'node_modules/typescript/lib/lib.es2017.d.ts'
	node_modules/typescript/lib/lib.es2017.date.d.ts
	  Library referenced via 'es2017.date' from file 'node_modules/typescript/lib/lib.es2017.d.ts'
	node_modules/typescript/lib/lib.es2017.object.d.ts
	  Library referenced via 'es2017.object' from file 'node_modules/typescript/lib/lib.es2017.d.ts'
	node_modules/typescript/lib/lib.es2017.sharedmemory.d.ts
	  Library referenced via 'es2017.sharedmemory' from file 'node_modules/typescript/lib/lib.es2017.d.ts'
	node_modules/typescript/lib/lib.es2017.string.d.ts
	  Library referenced via 'es2017.string' from file 'node_modules/typescript/lib/lib.es2017.d.ts'
	node_modules/typescript/lib/lib.es2017.intl.d.ts
	  Library referenced via 'es2017.intl' from file 'node_modules/typescript/lib/lib.es2017.d.ts'
	node_modules/typescript/lib/lib.es2017.typedarrays.d.ts
	  Library referenced via 'es2017.typedarrays' from file 'node_modules/typescript/lib/lib.es2017.d.ts'
	node_modules/typescript/lib/lib.es2018.asyncgenerator.d.ts
	  Library referenced via 'es2018.asyncgenerator' from file 'node_modules/typescript/lib/lib.es2018.d.ts'
	node_modules/typescript/lib/lib.es2018.asynciterable.d.ts
	  Library referenced via 'es2018.asynciterable' from file 'node_modules/typescript/lib/lib.es2018.d.ts'
	  Library referenced via 'es2018.asynciterable' from file 'node_modules/typescript/lib/lib.es2018.asyncgenerator.d.ts'
	  Library referenced via 'es2018.asynciterable' from file 'node_modules/typescript/lib/lib.esnext.disposable.d.ts'
	node_modules/typescript/lib/lib.es2018.intl.d.ts
	  Library referenced via 'es2018.intl' from file 'node_modules/typescript/lib/lib.es2018.d.ts'
	  Library referenced via 'es2018.intl' from file 'node_modules/typescript/lib/lib.es2020.intl.d.ts'
	  Library referenced via 'es2018.intl' from file 'node_modules/typescript/lib/lib.es2025.intl.d.ts'
	node_modules/typescript/lib/lib.es2018.promise.d.ts
	  Library referenced via 'es2018.promise' from file 'node_modules/typescript/lib/lib.es2018.d.ts'
	node_modules/typescript/lib/lib.es2018.regexp.d.ts
	  Library referenced via 'es2018.regexp' from file 'node_modules/typescript/lib/lib.es2018.d.ts'
	node_modules/typescript/lib/lib.es2019.array.d.ts
	  Library referenced via 'es2019.array' from file 'node_modules/typescript/lib/lib.es2019.d.ts'
	node_modules/typescript/lib/lib.es2019.object.d.ts
	  Library referenced via 'es2019.object' from file 'node_modules/typescript/lib/lib.es2019.d.ts'
	node_modules/typescript/lib/lib.es2019.string.d.ts
	  Library referenced via 'es2019.string' from file 'node_modules/typescript/lib/lib.es2019.d.ts'
	node_modules/typescript/lib/lib.es2019.symbol.d.ts
	  Library referenced via 'es2019.symbol' from file 'node_modules/typescript/lib/lib.es2019.d.ts'
	node_modules/typescript/lib/lib.es2019.intl.d.ts
	  Library referenced via 'es2019.intl' from file 'node_modules/typescript/lib/lib.es2019.d.ts'
	node_modules/typescript/lib/lib.es2020.bigint.d.ts
	  Library referenced via 'es2020.bigint' from file 'node_modules/typescript/lib/lib.es2020.d.ts'
	  Library referenced via 'es2020.bigint' from file 'node_modules/typescript/lib/lib.es2020.sharedmemory.d.ts'
	  Library referenced via 'es2020.bigint' from file 'node_modules/typescript/lib/lib.es2024.sharedmemory.d.ts'
	node_modules/typescript/lib/lib.es2020.date.d.ts
	  Library referenced via 'es2020.date' from file 'node_modules/typescript/lib/lib.es2020.d.ts'
	node_modules/typescript/lib/lib.es2020.promise.d.ts
	  Library referenced via 'es2020.promise' from file 'node_modules/typescript/lib/lib.es2020.d.ts'
	node_modules/typescript/lib/lib.es2020.sharedmemory.d.ts
	  Library referenced via 'es2020.sharedmemory' from file 'node_modules/typescript/lib/lib.es2020.d.ts'
	node_modules/typescript/lib/lib.es2020.string.d.ts
	  Library referenced via 'es2020.string' from file 'node_modules/typescript/lib/lib.es2020.d.ts'
	node_modules/typescript/lib/lib.es2020.symbol.wellknown.d.ts
	  Library referenced via 'es2020.symbol.wellknown' from file 'node_modules/typescript/lib/lib.es2020.string.d.ts'
	  Library referenced via 'es2020.symbol.wellknown' from file 'node_modules/typescript/lib/lib.es2020.d.ts'
	node_modules/typescript/lib/lib.es2020.intl.d.ts
	  Library referenced via 'es2020.intl' from file 'node_modules/typescript/lib/lib.es2020.bigint.d.ts'
	  Library referenced via 'es2020.intl' from file 'node_modules/typescript/lib/lib.es2020.date.d.ts'
	  Library referenced via 'es2020.intl' from file 'node_modules/typescript/lib/lib.es2020.number.d.ts'
	  Library referenced via 'es2020.intl' from file 'node_modules/typescript/lib/lib.es2020.string.d.ts'
	  Library referenced via 'es2020.intl' from file 'node_modules/typescript/lib/lib.es2020.d.ts'
	  Library referenced via 'es2020.intl' from file 'node_modules/typescript/lib/lib.esnext.temporal.d.ts'
	node_modules/typescript/lib/lib.es2020.number.d.ts
	  Library referenced via 'es2020.number' from file 'node_modules/typescript/lib/lib.es2020.d.ts'
	node_modules/typescript/lib/lib.es2021.promise.d.ts
	  Library referenced via 'es2021.promise' from file 'node_modules/typescript/lib/lib.es2021.d.ts'
	  Library referenced via 'es2021.promise' from file 'node_modules/typescript/lib/lib.es2022.error.d.ts'
	node_modules/typescript/lib/lib.es2021.string.d.ts
	  Library referenced via 'es2021.string' from file 'node_modules/typescript/lib/lib.es2021.d.ts'
	node_modules/typescript/lib/lib.es2021.weakref.d.ts
	  Library referenced via 'es2021.weakref' from file 'node_modules/typescript/lib/lib.es2021.d.ts'
	node_modules/typescript/lib/lib.es2021.intl.d.ts
	  Library referenced via 'es2021.intl' from file 'node_modules/typescript/lib/lib.es2021.d.ts'
	node_modules/typescript/lib/lib.es2022.array.d.ts
	  Library referenced via 'es2022.array' from file 'node_modules/typescript/lib/lib.es2022.d.ts'
	node_modules/typescript/lib/lib.es2022.error.d.ts
	  Library referenced via 'es2022.error' from file 'node_modules/typescript/lib/lib.es2022.d.ts'
	node_modules/typescript/lib/lib.es2022.intl.d.ts
	  Library referenced via 'es2022.intl' from file 'node_modules/typescript/lib/lib.es2022.d.ts'
	node_modules/typescript/lib/lib.es2022.object.d.ts
	  Library referenced via 'es2022.object' from file 'node_modules/typescript/lib/lib.es2022.d.ts'
	node_modules/typescript/lib/lib.es2022.string.d.ts
	  Library referenced via 'es2022.string' from file 'node_modules/typescript/lib/lib.es2022.d.ts'
	node_modules/typescript/lib/lib.es2022.regexp.d.ts
	  Library referenced via 'es2022.regexp' from file 'node_modules/typescript/lib/lib.es2022.d.ts'
	node_modules/typescript/lib/lib.es2023.array.d.ts
	  Library referenced via 'es2023.array' from file 'node_modules/typescript/lib/lib.es2023.d.ts'
	node_modules/typescript/lib/lib.es2023.collection.d.ts
	  Library referenced via 'es2023.collection' from file 'node_modules/typescript/lib/lib.es2023.d.ts'
	node_modules/typescript/lib/lib.es2023.intl.d.ts
	  Library referenced via 'es2023.intl' from file 'node_modules/typescript/lib/lib.es2023.d.ts'
	node_modules/typescript/lib/lib.es2024.arraybuffer.d.ts
	  Library referenced via 'es2024.arraybuffer' from file 'node_modules/typescript/lib/lib.es2024.d.ts'
	node_modules/typescript/lib/lib.es2024.collection.d.ts
	  Library referenced via 'es2024.collection' from file 'node_modules/typescript/lib/lib.es2024.d.ts'
	  Library referenced via 'es2024.collection' from file 'node_modules/typescript/lib/lib.es2025.collection.d.ts'
	node_modules/typescript/lib/lib.es2024.object.d.ts
	  Library referenced via 'es2024.object' from file 'node_modules/typescript/lib/lib.es2024.d.ts'
	node_modules/typescript/lib/lib.es2024.promise.d.ts
	  Library referenced via 'es2024.promise' from file 'node_modules/typescript/lib/lib.es2024.d.ts'
	node_modules/typescript/lib/lib.es2024.regexp.d.ts
	  Library referenced via 'es2024.regexp' from file 'node_modules/typescript/lib/lib.es2024.d.ts'
	node_modules/typescript/lib/lib.es2024.sharedmemory.d.ts
	  Library referenced via 'es2024.sharedmemory' from file 'node_modules/typescript/lib/lib.es2024.d.ts'
	node_modules/typescript/lib/lib.es2024.string.d.ts
	  Library referenced via 'es2024.string' from file 'node_modules/typescript/lib/lib.es2024.d.ts'
	node_modules/typescript/lib/lib.es2025.collection.d.ts
	  Library referenced via 'es2025.collection' from file 'node_modules/typescript/lib/lib.es2025.d.ts'
	  Library referenced via 'es2025.collection' from file 'node_modules/typescript/lib/lib.esnext.collection.d.ts'
	node_modules/typescript/lib/lib.es2025.float16.d.ts
	  Library referenced via 'esnext.float16' from file 'node_modules/@types/node/index.d.ts'
	  Library referenced via 'es2025.float16' from file 'node_modules/typescript/lib/lib.es2025.d.ts'
	node_modules/typescript/lib/lib.es2025.intl.d.ts
	  Library referenced via 'es2025.intl' from file 'node_modules/typescript/lib/lib.es2025.d.ts'
	  Library referenced via 'es2025.intl' from file 'node_modules/typescript/lib/lib.esnext.temporal.d.ts'
	node_modules/typescript/lib/lib.es2025.iterator.d.ts
	  Library referenced via 'es2025.iterator' from file 'node_modules/typescript/lib/lib.es2025.d.ts'
	  File is CommonJS module because 'node_modules/typescript/package.json' does not have field "type"
	node_modules/typescript/lib/lib.es2025.promise.d.ts
	  Library referenced via 'es2025.promise' from file 'node_modules/typescript/lib/lib.es2025.d.ts'
	node_modules/typescript/lib/lib.es2025.regexp.d.ts
	  Library referenced via 'es2025.regexp' from file 'node_modules/typescript/lib/lib.es2025.d.ts'
	node_modules/typescript/lib/lib.esnext.array.d.ts
	  Library referenced via 'esnext.array' from file 'node_modules/typescript/lib/lib.esnext.d.ts'
	node_modules/typescript/lib/lib.esnext.collection.d.ts
	  Library referenced via 'esnext.collection' from file 'node_modules/typescript/lib/lib.esnext.d.ts'
	node_modules/typescript/lib/lib.esnext.date.d.ts
	  Library referenced via 'esnext.date' from file 'node_modules/typescript/lib/lib.esnext.d.ts'
	node_modules/typescript/lib/lib.esnext.decorators.d.ts
	  Library referenced via 'esnext.decorators' from file 'node_modules/typescript/lib/lib.esnext.d.ts'
	node_modules/typescript/lib/lib.esnext.disposable.d.ts
	  Library referenced via 'esnext.disposable' from file 'node_modules/@types/node/index.d.ts'
	  Library referenced via 'esnext.disposable' from file 'node_modules/typescript/lib/lib.esnext.d.ts'
	node_modules/typescript/lib/lib.esnext.error.d.ts
	  Library referenced via 'esnext.error' from file 'node_modules/typescript/lib/lib.esnext.d.ts'
	node_modules/typescript/lib/lib.esnext.intl.d.ts
	  Library referenced via 'esnext.intl' from file 'node_modules/typescript/lib/lib.esnext.d.ts'
	node_modules/typescript/lib/lib.esnext.sharedmemory.d.ts
	  Library referenced via 'esnext.sharedmemory' from file 'node_modules/typescript/lib/lib.esnext.d.ts'
	node_modules/typescript/lib/lib.esnext.temporal.d.ts
	  Library referenced via 'esnext.temporal' from file 'node_modules/typescript/lib/lib.esnext.intl.d.ts'
	  Library referenced via 'esnext.temporal' from file 'node_modules/typescript/lib/lib.esnext.d.ts'
	  Library referenced via 'esnext.temporal' from file 'node_modules/typescript/lib/lib.esnext.date.d.ts'
	node_modules/typescript/lib/lib.esnext.typedarrays.d.ts
	  Library referenced via 'esnext.typedarrays' from file 'node_modules/typescript/lib/lib.esnext.d.ts'
	node_modules/typescript/lib/lib.decorators.d.ts
	  Library referenced via 'decorators' from file 'node_modules/typescript/lib/lib.es5.d.ts'
	  Library referenced via 'decorators' from file 'node_modules/typescript/lib/lib.esnext.decorators.d.ts'
	node_modules/typescript/lib/lib.decorators.legacy.d.ts
	  Library referenced via 'decorators.legacy' from file 'node_modules/typescript/lib/lib.es5.d.ts'
	src/main.ts
	  Matched by include pattern 'src' in 'tsconfig.json'
	  File is ECMAScript module because 'package.json' has field "type" with value "module"
	node_modules/@types/node/globals.typedarray.d.ts
	  Referenced via 'globals.typedarray.d.ts' from file 'node_modules/@types/node/index.d.ts'
	  File is CommonJS module because 'node_modules/@types/node/package.json' does not have field "type"
	node_modules/@types/node/buffer.buffer.d.ts
	  Referenced via 'buffer.buffer.d.ts' from file 'node_modules/@types/node/index.d.ts'
	node_modules/@types/node/globals.d.ts
	  Referenced via 'globals.d.ts' from file 'node_modules/@types/node/index.d.ts'
	node_modules/@types/node/web-globals/abortcontroller.d.ts
	  Referenced via 'web-globals/abortcontroller.d.ts' from file 'node_modules/@types/node/index.d.ts'
	  File is CommonJS module because 'node_modules/@types/node/package.json' does not have field "type"
	node_modules/@types/node/web-globals/blob.d.ts
	  Referenced via 'web-globals/blob.d.ts' from file 'node_modules/@types/node/index.d.ts'
	  File is CommonJS module because 'node_modules/@types/node/package.json' does not have field "type"
	node_modules/@types/node/web-globals/console.d.ts
	  Referenced via 'web-globals/console.d.ts' from file 'node_modules/@types/node/index.d.ts'
	  File is CommonJS module because 'node_modules/@types/node/package.json' does not have field "type"
	node_modules/@types/node/web-globals/crypto.d.ts
	  Referenced via 'web-globals/crypto.d.ts' from file 'node_modules/@types/node/index.d.ts'
	  File is CommonJS module because 'node_modules/@types/node/package.json' does not have field "type"
	node_modules/@types/node/web-globals/domexception.d.ts
	  Referenced via 'web-globals/domexception.d.ts' from file 'node_modules/@types/node/index.d.ts'
	  File is CommonJS module because 'node_modules/@types/node/package.json' does not have field "type"
	node_modules/@types/node/web-globals/encoding.d.ts
	  Referenced via 'web-globals/encoding.d.ts' from file 'node_modules/@types/node/index.d.ts'
	  File is CommonJS module because 'node_modules/@types/node/package.json' does not have field "type"
	node_modules/@types/node/web-globals/events.d.ts
	  Referenced via 'web-globals/events.d.ts' from file 'node_modules/@types/node/index.d.ts'
	  File is CommonJS module because 'node_modules/@types/node/package.json' does not have field "type"
	node_modules/undici-types/utility.d.ts
	  Imported via './utility' from file 'node_modules/undici-types/header.d.ts' with packageId 'undici-types/utility.d.ts@8.3.0'
	  Imported via './utility' from file 'node_modules/undici-types/dispatcher.d.ts' with packageId 'undici-types/utility.d.ts@8.3.0'
	  File is CommonJS module because 'node_modules/undici-types/package.json' does not have field "type"
	node_modules/undici-types/header.d.ts
	  Imported via './header' from file 'node_modules/undici-types/dispatcher.d.ts' with packageId 'undici-types/header.d.ts@8.3.0'
	  Imported via './header' from file 'node_modules/undici-types/fetch.d.ts' with packageId 'undici-types/header.d.ts@8.3.0'
	  Imported via './header' from file 'node_modules/undici-types/errors.d.ts' with packageId 'undici-types/header.d.ts@8.3.0'
	  Imported via './header' from file 'node_modules/undici-types/mock-interceptor.d.ts' with packageId 'undici-types/header.d.ts@8.3.0'
	  Imported via './header' from file 'node_modules/undici-types/proxy-agent.d.ts' with packageId 'undici-types/header.d.ts@8.3.0'
	  Imported via './header' from file 'node_modules/undici-types/socks5-proxy-agent.d.ts' with packageId 'undici-types/header.d.ts@8.3.0'
	  File is CommonJS module because 'node_modules/undici-types/package.json' does not have field "type"
	node_modules/undici-types/readable.d.ts
	  Imported via './readable' from file 'node_modules/undici-types/dispatcher.d.ts' with packageId 'undici-types/readable.d.ts@8.3.0'
	  File is CommonJS module because 'node_modules/undici-types/package.json' does not have field "type"
	node_modules/undici-types/fetch.d.ts
	  Imported via './fetch' from file 'node_modules/undici-types/formdata.d.ts' with packageId 'undici-types/fetch.d.ts@8.3.0'
	  Imported via './fetch' from file 'node_modules/undici-types/mock-interceptor.d.ts' with packageId 'undici-types/fetch.d.ts@8.3.0'
	  Imported via './fetch' from file 'node_modules/undici-types/cookies.d.ts' with packageId 'undici-types/fetch.d.ts@8.3.0'
	  Imported via './fetch' from file 'node_modules/undici-types/websocket.d.ts' with packageId 'undici-types/fetch.d.ts@8.3.0'
	  Imported via './fetch' from file 'node_modules/undici-types/index.d.ts' with packageId 'undici-types/fetch.d.ts@8.3.0'
	  Imported via './fetch' from file 'node_modules/undici-types/cache.d.ts' with packageId 'undici-types/fetch.d.ts@8.3.0'
	  Imported via './fetch' from file 'node_modules/undici-types/index.d.ts' with packageId 'undici-types/fetch.d.ts@8.3.0'
	  Imported via './fetch' from file 'node_modules/undici-types/index.d.ts' with packageId 'undici-types/fetch.d.ts@8.3.0'
	  Imported via './fetch' from file 'node_modules/undici-types/index.d.ts' with packageId 'undici-types/fetch.d.ts@8.3.0'
	  Imported via './fetch' from file 'node_modules/undici-types/index.d.ts' with packageId 'undici-types/fetch.d.ts@8.3.0'
	  File is CommonJS module because 'node_modules/undici-types/package.json' does not have field "type"
	node_modules/undici-types/formdata.d.ts
	  Imported via './formdata' from file 'node_modules/undici-types/dispatcher.d.ts' with packageId 'undici-types/formdata.d.ts@8.3.0'
	  Imported via './formdata' from file 'node_modules/undici-types/fetch.d.ts' with packageId 'undici-types/formdata.d.ts@8.3.0'
	  Imported via './formdata' from file 'node_modules/undici-types/index.d.ts' with packageId 'undici-types/formdata.d.ts@8.3.0'
	  Imported via './formdata' from file 'node_modules/undici-types/index.d.ts' with packageId 'undici-types/formdata.d.ts@8.3.0'
	  File is CommonJS module because 'node_modules/undici-types/package.json' does not have field "type"
	node_modules/undici-types/connector.d.ts
	  Imported via './connector' from file 'node_modules/undici-types/client.d.ts' with packageId 'undici-types/connector.d.ts@8.3.0'
	  Imported via './connector' from file 'node_modules/undici-types/h2c-client.d.ts' with packageId 'undici-types/connector.d.ts@8.3.0'
	  Imported via './connector' from file 'node_modules/undici-types/index.d.ts' with packageId 'undici-types/connector.d.ts@8.3.0'
	  Imported via './connector' from file 'node_modules/undici-types/proxy-agent.d.ts' with packageId 'undici-types/connector.d.ts@8.3.0'
	  Imported via './connector' from file 'node_modules/undici-types/socks5-proxy-agent.d.ts' with packageId 'undici-types/connector.d.ts@8.3.0'
	  Imported via './connector' from file 'node_modules/undici-types/diagnostics-channel.d.ts' with packageId 'undici-types/connector.d.ts@8.3.0'
	  Imported via './connector' from file 'node_modules/undici-types/index.d.ts' with packageId 'undici-types/connector.d.ts@8.3.0'
	  File is CommonJS module because 'node_modules/undici-types/package.json' does not have field "type"
	node_modules/undici-types/client-stats.d.ts
	  Imported via './client-stats' from file 'node_modules/undici-types/client.d.ts' with packageId 'undici-types/client-stats.d.ts@8.3.0'
	  Imported via './client-stats' from file 'node_modules/undici-types/agent.d.ts' with packageId 'undici-types/client-stats.d.ts@8.3.0'
	  File is CommonJS module because 'node_modules/undici-types/package.json' does not have field "type"
	node_modules/undici-types/client.d.ts
	  Imported via './client' from file 'node_modules/undici-types/errors.d.ts' with packageId 'undici-types/client.d.ts@8.3.0'
	  Imported via './client' from file 'node_modules/undici-types/client-stats.d.ts' with packageId 'undici-types/client.d.ts@8.3.0'
	  Imported via './client' from file 'node_modules/undici-types/pool.d.ts' with packageId 'undici-types/client.d.ts@8.3.0'
	  Imported via './client' from file 'node_modules/undici-types/round-robin-pool.d.ts' with packageId 'undici-types/client.d.ts@8.3.0'
	  Imported via './client' from file 'node_modules/undici-types/index.d.ts' with packageId 'undici-types/client.d.ts@8.3.0'
	  Imported via './client' from file 'node_modules/undici-types/mock-client.d.ts' with packageId 'undici-types/client.d.ts@8.3.0'
	  Imported via './client' from file 'node_modules/undici-types/index.d.ts' with packageId 'undici-types/client.d.ts@8.3.0'
	  File is CommonJS module because 'node_modules/undici-types/package.json' does not have field "type"
	node_modules/undici-types/errors.d.ts
	  Imported via './errors' from file 'node_modules/undici-types/dispatcher.d.ts' with packageId 'undici-types/errors.d.ts@8.3.0'
	  Imported via './errors' from file 'node_modules/undici-types/index.d.ts' with packageId 'undici-types/errors.d.ts@8.3.0'
	  Imported via './errors' from file 'node_modules/undici-types/mock-errors.d.ts' with packageId 'undici-types/errors.d.ts@8.3.0'
	  Imported via './errors' from file 'node_modules/undici-types/index.d.ts' with packageId 'undici-types/errors.d.ts@8.3.0'
	  File is CommonJS module because 'node_modules/undici-types/package.json' does not have field "type"
	node_modules/undici-types/dispatcher.d.ts
	  Imported via './dispatcher' from file 'node_modules/undici-types/index.d.ts' with packageId 'undici-types/dispatcher.d.ts@8.3.0'
	  Imported via './dispatcher' from file 'node_modules/undici-types/fetch.d.ts' with packageId 'undici-types/dispatcher.d.ts@8.3.0'
	  Imported via './dispatcher' from file 'node_modules/undici-types/client.d.ts' with packageId 'undici-types/dispatcher.d.ts@8.3.0'
	  Imported via './dispatcher' from file 'node_modules/undici-types/global-dispatcher.d.ts' with packageId 'undici-types/dispatcher.d.ts@8.3.0'
	  Imported via './dispatcher' from file 'node_modules/undici-types/pool.d.ts' with packageId 'undici-types/dispatcher.d.ts@8.3.0'
	  Imported via './dispatcher' from file 'node_modules/undici-types/handlers.d.ts' with packageId 'undici-types/dispatcher.d.ts@8.3.0'
	  Imported via './dispatcher' from file 'node_modules/undici-types/balanced-pool.d.ts' with packageId 'undici-types/dispatcher.d.ts@8.3.0'
	  Imported via './dispatcher' from file 'node_modules/undici-types/round-robin-pool.d.ts' with packageId 'undici-types/dispatcher.d.ts@8.3.0'
	  Imported via './dispatcher' from file 'node_modules/undici-types/h2c-client.d.ts' with packageId 'undici-types/dispatcher.d.ts@8.3.0'
	  Imported via './dispatcher' from file 'node_modules/undici-types/agent.d.ts' with packageId 'undici-types/dispatcher.d.ts@8.3.0'
	  Imported via './dispatcher' from file 'node_modules/undici-types/dispatcher1-wrapper.d.ts' with packageId 'undici-types/dispatcher.d.ts@8.3.0'
	  Imported via './dispatcher' from file 'node_modules/undici-types/mock-client.d.ts' with packageId 'undici-types/dispatcher.d.ts@8.3.0'
	  Imported via './dispatcher' from file 'node_modules/undici-types/mock-agent.d.ts' with packageId 'undici-types/dispatcher.d.ts@8.3.0'
	  Imported via './dispatcher' from file 'node_modules/undici-types/mock-interceptor.d.ts' with packageId 'undici-types/dispatcher.d.ts@8.3.0'
	  Imported via './dispatcher' from file 'node_modules/undici-types/mock-call-history.d.ts' with packageId 'undici-types/dispatcher.d.ts@8.3.0'
	  Imported via './dispatcher' from file 'node_modules/undici-types/mock-pool.d.ts' with packageId 'undici-types/dispatcher.d.ts@8.3.0'
	  Imported via './dispatcher' from file 'node_modules/undici-types/proxy-agent.d.ts' with packageId 'undici-types/dispatcher.d.ts@8.3.0'
	  Imported via './dispatcher' from file 'node_modules/undici-types/socks5-proxy-agent.d.ts' with packageId 'undici-types/dispatcher.d.ts@8.3.0'
	  Imported via './dispatcher' from file 'node_modules/undici-types/env-http-proxy-agent.d.ts' with packageId 'undici-types/dispatcher.d.ts@8.3.0'
	  Imported via './dispatcher' from file 'node_modules/undici-types/retry-handler.d.ts' with packageId 'undici-types/dispatcher.d.ts@8.3.0'
	  Imported via './dispatcher' from file 'node_modules/undici-types/retry-agent.d.ts' with packageId 'undici-types/dispatcher.d.ts@8.3.0'
	  Imported via './dispatcher' from file 'node_modules/undici-types/api.d.ts' with packageId 'undici-types/dispatcher.d.ts@8.3.0'
	  Imported via './dispatcher' from file 'node_modules/undici-types/interceptors.d.ts' with packageId 'undici-types/dispatcher.d.ts@8.3.0'
	  Imported via './dispatcher' from file 'node_modules/undici-types/websocket.d.ts' with packageId 'undici-types/dispatcher.d.ts@8.3.0'
	  Imported via './dispatcher' from file 'node_modules/undici-types/eventsource.d.ts' with packageId 'undici-types/dispatcher.d.ts@8.3.0'
	  Imported via './dispatcher' from file 'node_modules/undici-types/diagnostics-channel.d.ts' with packageId 'undici-types/dispatcher.d.ts@8.3.0'
	  Imported via './dispatcher' from file 'node_modules/undici-types/index.d.ts' with packageId 'undici-types/dispatcher.d.ts@8.3.0'
	  File is CommonJS module because 'node_modules/undici-types/package.json' does not have field "type"
	node_modules/undici-types/global-dispatcher.d.ts
	  Imported via './global-dispatcher' from file 'node_modules/undici-types/index.d.ts' with packageId 'undici-types/global-dispatcher.d.ts@8.3.0'
	  Imported via './global-dispatcher' from file 'node_modules/undici-types/index.d.ts' with packageId 'undici-types/global-dispatcher.d.ts@8.3.0'
	  Imported via './global-dispatcher' from file 'node_modules/undici-types/index.d.ts' with packageId 'undici-types/global-dispatcher.d.ts@8.3.0'
	  File is CommonJS module because 'node_modules/undici-types/package.json' does not have field "type"
	node_modules/undici-types/global-origin.d.ts
	  Imported via './global-origin' from file 'node_modules/undici-types/index.d.ts' with packageId 'undici-types/global-origin.d.ts@8.3.0'
	  File is CommonJS module because 'node_modules/undici-types/package.json' does not have field "type"
	node_modules/undici-types/pool-stats.d.ts
	  Imported via './pool-stats' from file 'node_modules/undici-types/pool.d.ts' with packageId 'undici-types/pool-stats.d.ts@8.3.0'
	  Imported via './pool-stats' from file 'node_modules/undici-types/round-robin-pool.d.ts' with packageId 'undici-types/pool-stats.d.ts@8.3.0'
	  Imported via './pool-stats' from file 'node_modules/undici-types/agent.d.ts' with packageId 'undici-types/pool-stats.d.ts@8.3.0'
	  File is CommonJS module because 'node_modules/undici-types/package.json' does not have field "type"
	node_modules/undici-types/pool.d.ts
	  Imported via './pool' from file 'node_modules/undici-types/index.d.ts' with packageId 'undici-types/pool.d.ts@8.3.0'
	  Imported via './pool' from file 'node_modules/undici-types/pool-stats.d.ts' with packageId 'undici-types/pool.d.ts@8.3.0'
	  Imported via './pool' from file 'node_modules/undici-types/balanced-pool.d.ts' with packageId 'undici-types/pool.d.ts@8.3.0'
	  Imported via './pool' from file 'node_modules/undici-types/agent.d.ts' with packageId 'undici-types/pool.d.ts@8.3.0'
	  Imported via './pool' from file 'node_modules/undici-types/mock-pool.d.ts' with packageId 'undici-types/pool.d.ts@8.3.0'
	  Imported via './pool' from file 'node_modules/undici-types/socks5-proxy-agent.d.ts' with packageId 'undici-types/pool.d.ts@8.3.0'
	  Imported via './pool' from file 'node_modules/undici-types/index.d.ts' with packageId 'undici-types/pool.d.ts@8.3.0'
	  File is CommonJS module because 'node_modules/undici-types/package.json' does not have field "type"
	node_modules/undici-types/handlers.d.ts
	  Imported via './handlers' from file 'node_modules/undici-types/index.d.ts' with packageId 'undici-types/handlers.d.ts@8.3.0'
	  Imported via './handlers' from file 'node_modules/undici-types/index.d.ts' with packageId 'undici-types/handlers.d.ts@8.3.0'
	  Imported via './handlers' from file 'node_modules/undici-types/index.d.ts' with packageId 'undici-types/handlers.d.ts@8.3.0'
	  File is CommonJS module because 'node_modules/undici-types/package.json' does not have field "type"
	node_modules/undici-types/balanced-pool.d.ts
	  Imported via './balanced-pool' from file 'node_modules/undici-types/index.d.ts' with packageId 'undici-types/balanced-pool.d.ts@8.3.0'
	  Imported via './balanced-pool' from file 'node_modules/undici-types/index.d.ts' with packageId 'undici-types/balanced-pool.d.ts@8.3.0'
	  File is CommonJS module because 'node_modules/undici-types/package.json' does not have field "type"
	node_modules/undici-types/round-robin-pool.d.ts
	  Imported via './round-robin-pool' from file 'node_modules/undici-types/index.d.ts' with packageId 'undici-types/round-robin-pool.d.ts@8.3.0'
	  Imported via './round-robin-pool' from file 'node_modules/undici-types/index.d.ts' with packageId 'undici-types/round-robin-pool.d.ts@8.3.0'
	  File is CommonJS module because 'node_modules/undici-types/package.json' does not have field "type"
	node_modules/undici-types/h2c-client.d.ts
	  Imported via './h2c-client' from file 'node_modules/undici-types/index.d.ts' with packageId 'undici-types/h2c-client.d.ts@8.3.0'
	  Imported via './h2c-client' from file 'node_modules/undici-types/index.d.ts' with packageId 'undici-types/h2c-client.d.ts@8.3.0'
	  File is CommonJS module because 'node_modules/undici-types/package.json' does not have field "type"
	node_modules/undici-types/agent.d.ts
	  Imported via './agent' from file 'node_modules/undici-types/index.d.ts' with packageId 'undici-types/agent.d.ts@8.3.0'
	  Imported via './agent' from file 'node_modules/undici-types/mock-agent.d.ts' with packageId 'undici-types/agent.d.ts@8.3.0'
	  Imported via './agent' from file 'node_modules/undici-types/proxy-agent.d.ts' with packageId 'undici-types/agent.d.ts@8.3.0'
	  Imported via './agent' from file 'node_modules/undici-types/env-http-proxy-agent.d.ts' with packageId 'undici-types/agent.d.ts@8.3.0'
	  Imported via './agent' from file 'node_modules/undici-types/index.d.ts' with packageId 'undici-types/agent.d.ts@8.3.0'
	  File is CommonJS module because 'node_modules/undici-types/package.json' does not have field "type"
	node_modules/undici-types/dispatcher1-wrapper.d.ts
	  Imported via './dispatcher1-wrapper' from file 'node_modules/undici-types/index.d.ts' with packageId 'undici-types/dispatcher1-wrapper.d.ts@8.3.0'
	  Imported via './dispatcher1-wrapper' from file 'node_modules/undici-types/index.d.ts' with packageId 'undici-types/dispatcher1-wrapper.d.ts@8.3.0'
	  File is CommonJS module because 'node_modules/undici-types/package.json' does not have field "type"
	node_modules/undici-types/mock-interceptor.d.ts
	  Imported via './mock-interceptor' from file 'node_modules/undici-types/mock-agent.d.ts' with packageId 'undici-types/mock-interceptor.d.ts@8.3.0'
	  Imported via './mock-interceptor' from file 'node_modules/undici-types/mock-client.d.ts' with packageId 'undici-types/mock-interceptor.d.ts@8.3.0'
	  Imported via './mock-interceptor' from file 'node_modules/undici-types/mock-pool.d.ts' with packageId 'undici-types/mock-interceptor.d.ts@8.3.0'
	  Imported via './mock-interceptor' from file 'node_modules/undici-types/index.d.ts' with packageId 'undici-types/mock-interceptor.d.ts@8.3.0'
	  File is CommonJS module because 'node_modules/undici-types/package.json' does not have field "type"
	node_modules/undici-types/mock-call-history.d.ts
	  Imported via './mock-call-history' from file 'node_modules/undici-types/mock-agent.d.ts' with packageId 'undici-types/mock-call-history.d.ts@8.3.0'
	  Imported via './mock-call-history' from file 'node_modules/undici-types/index.d.ts' with packageId 'undici-types/mock-call-history.d.ts@8.3.0'
	  Imported via './mock-call-history' from file 'node_modules/undici-types/index.d.ts' with packageId 'undici-types/mock-call-history.d.ts@8.3.0'
	  Imported via './mock-call-history' from file 'node_modules/undici-types/index.d.ts' with packageId 'undici-types/mock-call-history.d.ts@8.3.0'
	  File is CommonJS module because 'node_modules/undici-types/package.json' does not have field "type"
	node_modules/undici-types/mock-agent.d.ts
	  Imported via './mock-agent' from file 'node_modules/undici-types/mock-client.d.ts' with packageId 'undici-types/mock-agent.d.ts@8.3.0'
	  Imported via './mock-agent' from file 'node_modules/undici-types/mock-pool.d.ts' with packageId 'undici-types/mock-agent.d.ts@8.3.0'
	  Imported via './mock-agent' from file 'node_modules/undici-types/index.d.ts' with packageId 'undici-types/mock-agent.d.ts@8.3.0'
	  Imported via './mock-agent' from file 'node_modules/undici-types/snapshot-agent.d.ts' with packageId 'undici-types/mock-agent.d.ts@8.3.0'
	  Imported via './mock-agent' from file 'node_modules/undici-types/index.d.ts' with packageId 'undici-types/mock-agent.d.ts@8.3.0'
	  File is CommonJS module because 'node_modules/undici-types/package.json' does not have field "type"
	node_modules/undici-types/mock-client.d.ts
	  Imported via './mock-client' from file 'node_modules/undici-types/index.d.ts' with packageId 'undici-types/mock-client.d.ts@8.3.0'
	  Imported via './mock-client' from file 'node_modules/undici-types/index.d.ts' with packageId 'undici-types/mock-client.d.ts@8.3.0'
	  File is CommonJS module because 'node_modules/undici-types/package.json' does not have field "type"
	node_modules/undici-types/mock-pool.d.ts
	  Imported via './mock-pool' from file 'node_modules/undici-types/index.d.ts' with packageId 'undici-types/mock-pool.d.ts@8.3.0'
	  Imported via './mock-pool' from file 'node_modules/undici-types/index.d.ts' with packageId 'undici-types/mock-pool.d.ts@8.3.0'
	  File is CommonJS module because 'node_modules/undici-types/package.json' does not have field "type"
	node_modules/undici-types/snapshot-agent.d.ts
	  Imported via './snapshot-agent' from file 'node_modules/undici-types/index.d.ts' with packageId 'undici-types/snapshot-agent.d.ts@8.3.0'
	  Imported via './snapshot-agent' from file 'node_modules/undici-types/index.d.ts' with packageId 'undici-types/snapshot-agent.d.ts@8.3.0'
	  File is CommonJS module because 'node_modules/undici-types/package.json' does not have field "type"
	node_modules/undici-types/mock-errors.d.ts
	  Imported via './mock-errors' from file 'node_modules/undici-types/index.d.ts' with packageId 'undici-types/mock-errors.d.ts@8.3.0'
	  Imported via './mock-errors' from file 'node_modules/undici-types/index.d.ts' with packageId 'undici-types/mock-errors.d.ts@8.3.0'
	  File is CommonJS module because 'node_modules/undici-types/package.json' does not have field "type"
	node_modules/undici-types/proxy-agent.d.ts
	  Imported via './proxy-agent' from file 'node_modules/undici-types/index.d.ts' with packageId 'undici-types/proxy-agent.d.ts@8.3.0'
	  Imported via './proxy-agent' from file 'node_modules/undici-types/env-http-proxy-agent.d.ts' with packageId 'undici-types/proxy-agent.d.ts@8.3.0'
	  Imported via './proxy-agent' from file 'node_modules/undici-types/index.d.ts' with packageId 'undici-types/proxy-agent.d.ts@8.3.0'
	  File is CommonJS module because 'node_modules/undici-types/package.json' does not have field "type"
	node_modules/undici-types/socks5-proxy-agent.d.ts
	  Imported via './socks5-proxy-agent' from file 'node_modules/undici-types/index.d.ts' with packageId 'undici-types/socks5-proxy-agent.d.ts@8.3.0'
	  Imported via './socks5-proxy-agent' from file 'node_modules/undici-types/index.d.ts' with packageId 'undici-types/socks5-proxy-agent.d.ts@8.3.0'
	  File is CommonJS module because 'node_modules/undici-types/package.json' does not have field "type"
	node_modules/undici-types/env-http-proxy-agent.d.ts
	  Imported via './env-http-proxy-agent' from file 'node_modules/undici-types/index.d.ts' with packageId 'undici-types/env-http-proxy-agent.d.ts@8.3.0'
	  File is CommonJS module because 'node_modules/undici-types/package.json' does not have field "type"
	node_modules/undici-types/retry-handler.d.ts
	  Imported via './retry-handler' from file 'node_modules/undici-types/index.d.ts' with packageId 'undici-types/retry-handler.d.ts@8.3.0'
	  Imported via './retry-handler' from file 'node_modules/undici-types/retry-agent.d.ts' with packageId 'undici-types/retry-handler.d.ts@8.3.0'
	  Imported via './retry-handler' from file 'node_modules/undici-types/interceptors.d.ts' with packageId 'undici-types/retry-handler.d.ts@8.3.0'
	  Imported via './retry-handler' from file 'node_modules/undici-types/index.d.ts' with packageId 'undici-types/retry-handler.d.ts@8.3.0'
	  File is CommonJS module because 'node_modules/undici-types/package.json' does not have field "type"
	node_modules/undici-types/retry-agent.d.ts
	  Imported via './retry-agent' from file 'node_modules/undici-types/index.d.ts' with packageId 'undici-types/retry-agent.d.ts@8.3.0'
	  File is CommonJS module because 'node_modules/undici-types/package.json' does not have field "type"
	node_modules/undici-types/api.d.ts
	  Imported via './api' from file 'node_modules/undici-types/index.d.ts' with packageId 'undici-types/api.d.ts@8.3.0'
	  Imported via './api' from file 'node_modules/undici-types/index.d.ts' with packageId 'undici-types/api.d.ts@8.3.0'
	  Imported via './api' from file 'node_modules/undici-types/index.d.ts' with packageId 'undici-types/api.d.ts@8.3.0'
	  Imported via './api' from file 'node_modules/undici-types/index.d.ts' with packageId 'undici-types/api.d.ts@8.3.0'
	  Imported via './api' from file 'node_modules/undici-types/index.d.ts' with packageId 'undici-types/api.d.ts@8.3.0'
	  Imported via './api' from file 'node_modules/undici-types/index.d.ts' with packageId 'undici-types/api.d.ts@8.3.0'
	  File is CommonJS module because 'node_modules/undici-types/package.json' does not have field "type"
	node_modules/undici-types/cache-interceptor.d.ts
	  Imported via './cache-interceptor' from file 'node_modules/undici-types/interceptors.d.ts' with packageId 'undici-types/cache-interceptor.d.ts@8.3.0'
	  Imported via './cache-interceptor' from file 'node_modules/undici-types/index.d.ts' with packageId 'undici-types/cache-interceptor.d.ts@8.3.0'
	  Imported via './cache-interceptor' from file 'node_modules/undici-types/index.d.ts' with packageId 'undici-types/cache-interceptor.d.ts@8.3.0'
	  Imported via './cache-interceptor' from file 'node_modules/undici-types/index.d.ts' with packageId 'undici-types/cache-interceptor.d.ts@8.3.0'
	  File is CommonJS module because 'node_modules/undici-types/package.json' does not have field "type"
	node_modules/undici-types/interceptors.d.ts
	  Imported via './interceptors' from file 'node_modules/undici-types/index.d.ts' with packageId 'undici-types/interceptors.d.ts@8.3.0'
	  Imported via './interceptors' from file 'node_modules/undici-types/index.d.ts' with packageId 'undici-types/interceptors.d.ts@8.3.0'
	  File is CommonJS module because 'node_modules/undici-types/package.json' does not have field "type"
	node_modules/undici-types/util.d.ts
	  Imported via './util' from file 'node_modules/undici-types/index.d.ts' with packageId 'undici-types/util.d.ts@8.3.0'
	  File is CommonJS module because 'node_modules/undici-types/package.json' does not have field "type"
	node_modules/undici-types/cookies.d.ts
	  Imported via './cookies' from file 'node_modules/undici-types/index.d.ts' with packageId 'undici-types/cookies.d.ts@8.3.0'
	  File is CommonJS module because 'node_modules/undici-types/package.json' does not have field "type"
	node_modules/undici-types/patch.d.ts
	  Imported via './patch' from file 'node_modules/undici-types/websocket.d.ts' with packageId 'undici-types/patch.d.ts@8.3.0'
	  Imported via './patch' from file 'node_modules/undici-types/eventsource.d.ts' with packageId 'undici-types/patch.d.ts@8.3.0'
	  File is CommonJS module because 'node_modules/undici-types/package.json' does not have field "type"
	node_modules/undici-types/websocket.d.ts
	  Imported via './websocket' from file 'node_modules/undici-types/eventsource.d.ts' with packageId 'undici-types/websocket.d.ts@8.3.0'
	  Imported via './websocket' from file 'node_modules/undici-types/index.d.ts' with packageId 'undici-types/websocket.d.ts@8.3.0'
	  File is CommonJS module because 'node_modules/undici-types/package.json' does not have field "type"
	node_modules/undici-types/eventsource.d.ts
	  Imported via './eventsource' from file 'node_modules/undici-types/index.d.ts' with packageId 'undici-types/eventsource.d.ts@8.3.0'
	  File is CommonJS module because 'node_modules/undici-types/package.json' does not have field "type"
	node_modules/undici-types/diagnostics-channel.d.ts
	  Imported via './diagnostics-channel' from file 'node_modules/undici-types/index.d.ts' with packageId 'undici-types/diagnostics-channel.d.ts@8.3.0'
	  File is CommonJS module because 'node_modules/undici-types/package.json' does not have field "type"
	node_modules/undici-types/content-type.d.ts
	  Imported via './content-type' from file 'node_modules/undici-types/index.d.ts' with packageId 'undici-types/content-type.d.ts@8.3.0'
	  File is CommonJS module because 'node_modules/undici-types/package.json' does not have field "type"
	node_modules/undici-types/cache.d.ts
	  Imported via './cache' from file 'node_modules/undici-types/index.d.ts' with packageId 'undici-types/cache.d.ts@8.3.0'
	  Imported via './cache' from file 'node_modules/undici-types/index.d.ts' with packageId 'undici-types/cache.d.ts@8.3.0'
	  File is CommonJS module because 'node_modules/undici-types/package.json' does not have field "type"
	node_modules/undici-types/index.d.ts
	  Imported via "undici-types" from file 'node_modules/@types/node/web-globals/fetch.d.ts' with packageId 'undici-types/index.d.ts@8.3.0'
	  Imported via "undici-types" from file 'node_modules/@types/node/http.d.ts' with packageId 'undici-types/index.d.ts@8.3.0'
	  Imported via "undici-types" from file 'node_modules/@types/node/http.d.ts' with packageId 'undici-types/index.d.ts@8.3.0'
	  Imported via "undici-types" from file 'node_modules/@types/node/http.d.ts' with packageId 'undici-types/index.d.ts@8.3.0'
	  Imported via "undici-types" from file 'node_modules/@types/node/worker_threads.d.ts' with packageId 'undici-types/index.d.ts@8.3.0'
	  File is CommonJS module because 'node_modules/undici-types/package.json' does not have field "type"
	node_modules/@types/node/web-globals/fetch.d.ts
	  Referenced via 'web-globals/fetch.d.ts' from file 'node_modules/@types/node/index.d.ts'
	  File is CommonJS module because 'node_modules/@types/node/package.json' does not have field "type"
	node_modules/@types/node/web-globals/importmeta.d.ts
	  Referenced via 'web-globals/importmeta.d.ts' from file 'node_modules/@types/node/index.d.ts'
	  File is CommonJS module because 'node_modules/@types/node/package.json' does not have field "type"
	node_modules/@types/node/web-globals/messaging.d.ts
	  Referenced via 'web-globals/messaging.d.ts' from file 'node_modules/@types/node/index.d.ts'
	  File is CommonJS module because 'node_modules/@types/node/package.json' does not have field "type"
	node_modules/@types/node/web-globals/navigator.d.ts
	  Referenced via 'web-globals/navigator.d.ts' from file 'node_modules/@types/node/index.d.ts'
	  File is CommonJS module because 'node_modules/@types/node/package.json' does not have field "type"
	node_modules/@types/node/web-globals/performance.d.ts
	  Referenced via 'web-globals/performance.d.ts' from file 'node_modules/@types/node/index.d.ts'
	  File is CommonJS module because 'node_modules/@types/node/package.json' does not have field "type"
	node_modules/@types/node/web-globals/storage.d.ts
	  Referenced via 'web-globals/storage.d.ts' from file 'node_modules/@types/node/index.d.ts'
	  File is CommonJS module because 'node_modules/@types/node/package.json' does not have field "type"
	node_modules/@types/node/web-globals/streams.d.ts
	  Referenced via 'web-globals/streams.d.ts' from file 'node_modules/@types/node/index.d.ts'
	  File is CommonJS module because 'node_modules/@types/node/package.json' does not have field "type"
	node_modules/@types/node/web-globals/timers.d.ts
	  Referenced via 'web-globals/timers.d.ts' from file 'node_modules/@types/node/index.d.ts'
	  File is CommonJS module because 'node_modules/@types/node/package.json' does not have field "type"
	node_modules/@types/node/web-globals/url.d.ts
	  Referenced via 'web-globals/url.d.ts' from file 'node_modules/@types/node/index.d.ts'
	  File is CommonJS module because 'node_modules/@types/node/package.json' does not have field "type"
	node_modules/@types/node/assert.d.ts
	  Referenced via 'assert.d.ts' from file 'node_modules/@types/node/index.d.ts'
	node_modules/@types/node/assert/strict.d.ts
	  Referenced via 'assert/strict.d.ts' from file 'node_modules/@types/node/index.d.ts'
	node_modules/@types/node/async_hooks.d.ts
	  Referenced via 'async_hooks.d.ts' from file 'node_modules/@types/node/index.d.ts'
	node_modules/@types/node/buffer.d.ts
	  Referenced via 'buffer.d.ts' from file 'node_modules/@types/node/index.d.ts'
	node_modules/@types/node/child_process.d.ts
	  Referenced via 'child_process.d.ts' from file 'node_modules/@types/node/index.d.ts'
	node_modules/@types/node/cluster.d.ts
	  Referenced via 'cluster.d.ts' from file 'node_modules/@types/node/index.d.ts'
	node_modules/@types/node/console.d.ts
	  Referenced via 'console.d.ts' from file 'node_modules/@types/node/index.d.ts'
	node_modules/@types/node/constants.d.ts
	  Referenced via 'constants.d.ts' from file 'node_modules/@types/node/index.d.ts'
	node_modules/@types/node/crypto.d.ts
	  Referenced via 'crypto.d.ts' from file 'node_modules/@types/node/index.d.ts'
	node_modules/@types/node/dgram.d.ts
	  Referenced via 'dgram.d.ts' from file 'node_modules/@types/node/index.d.ts'
	node_modules/@types/node/diagnostics_channel.d.ts
	  Referenced via 'diagnostics_channel.d.ts' from file 'node_modules/@types/node/index.d.ts'
	node_modules/@types/node/dns.d.ts
	  Referenced via 'dns.d.ts' from file 'node_modules/@types/node/index.d.ts'
	node_modules/@types/node/dns/promises.d.ts
	  Referenced via 'dns/promises.d.ts' from file 'node_modules/@types/node/index.d.ts'
	node_modules/@types/node/domain.d.ts
	  Referenced via 'domain.d.ts' from file 'node_modules/@types/node/index.d.ts'
	node_modules/@types/node/events.d.ts
	  Referenced via 'events.d.ts' from file 'node_modules/@types/node/index.d.ts'
	node_modules/@types/node/ffi.d.ts
	  Referenced via 'ffi.d.ts' from file 'node_modules/@types/node/index.d.ts'
	node_modules/@types/node/fs.d.ts
	  Referenced via 'fs.d.ts' from file 'node_modules/@types/node/index.d.ts'
	node_modules/@types/node/fs/promises.d.ts
	  Referenced via 'fs/promises.d.ts' from file 'node_modules/@types/node/index.d.ts'
	node_modules/@types/node/http.d.ts
	  Referenced via 'http.d.ts' from file 'node_modules/@types/node/index.d.ts'
	node_modules/@types/node/http2.d.ts
	  Referenced via 'http2.d.ts' from file 'node_modules/@types/node/index.d.ts'
	node_modules/@types/node/https.d.ts
	  Referenced via 'https.d.ts' from file 'node_modules/@types/node/index.d.ts'
	node_modules/@types/node/inspector.d.ts
	  Referenced via 'inspector.d.ts' from file 'node_modules/@types/node/index.d.ts'
	node_modules/@types/node/inspector.generated.d.ts
	  Referenced via 'inspector.generated.d.ts' from file 'node_modules/@types/node/index.d.ts'
	node_modules/@types/node/inspector/promises.d.ts
	  Referenced via 'inspector/promises.d.ts' from file 'node_modules/@types/node/index.d.ts'
	node_modules/@types/node/module.d.ts
	  Referenced via 'module.d.ts' from file 'node_modules/@types/node/index.d.ts'
	node_modules/@types/node/net.d.ts
	  Referenced via 'net.d.ts' from file 'node_modules/@types/node/index.d.ts'
	node_modules/@types/node/os.d.ts
	  Referenced via 'os.d.ts' from file 'node_modules/@types/node/index.d.ts'
	node_modules/@types/node/path.d.ts
	  Referenced via 'path.d.ts' from file 'node_modules/@types/node/index.d.ts'
	node_modules/@types/node/path/posix.d.ts
	  Referenced via 'path/posix.d.ts' from file 'node_modules/@types/node/index.d.ts'
	node_modules/@types/node/path/win32.d.ts
	  Referenced via 'path/win32.d.ts' from file 'node_modules/@types/node/index.d.ts'
	node_modules/@types/node/perf_hooks.d.ts
	  Referenced via 'perf_hooks.d.ts' from file 'node_modules/@types/node/index.d.ts'
	node_modules/@types/node/process.d.ts
	  Referenced via 'process.d.ts' from file 'node_modules/@types/node/index.d.ts'
	node_modules/@types/node/punycode.d.ts
	  Referenced via 'punycode.d.ts' from file 'node_modules/@types/node/index.d.ts'
	node_modules/@types/node/querystring.d.ts
	  Referenced via 'querystring.d.ts' from file 'node_modules/@types/node/index.d.ts'
	node_modules/@types/node/quic.d.ts
	  Referenced via 'quic.d.ts' from file 'node_modules/@types/node/index.d.ts'
	node_modules/@types/node/readline.d.ts
	  Referenced via 'readline.d.ts' from file 'node_modules/@types/node/index.d.ts'
	node_modules/@types/node/readline/promises.d.ts
	  Referenced via 'readline/promises.d.ts' from file 'node_modules/@types/node/index.d.ts'
	node_modules/@types/node/repl.d.ts
	  Referenced via 'repl.d.ts' from file 'node_modules/@types/node/index.d.ts'
	node_modules/@types/node/sea.d.ts
	  Referenced via 'sea.d.ts' from file 'node_modules/@types/node/index.d.ts'
	node_modules/@types/node/sqlite.d.ts
	  Referenced via 'sqlite.d.ts' from file 'node_modules/@types/node/index.d.ts'
	node_modules/@types/node/stream.d.ts
	  Referenced via 'stream.d.ts' from file 'node_modules/@types/node/index.d.ts'
	node_modules/@types/node/stream/consumers.d.ts
	  Referenced via 'stream/consumers.d.ts' from file 'node_modules/@types/node/index.d.ts'
	node_modules/@types/node/stream/iter.d.ts
	  Referenced via 'stream/iter.d.ts' from file 'node_modules/@types/node/index.d.ts'
	node_modules/@types/node/stream/promises.d.ts
	  Referenced via 'stream/promises.d.ts' from file 'node_modules/@types/node/index.d.ts'
	node_modules/@types/node/stream/web.d.ts
	  Referenced via 'stream/web.d.ts' from file 'node_modules/@types/node/index.d.ts'
	node_modules/@types/node/string_decoder.d.ts
	  Referenced via 'string_decoder.d.ts' from file 'node_modules/@types/node/index.d.ts'
	node_modules/@types/node/test.d.ts
	  Referenced via 'test.d.ts' from file 'node_modules/@types/node/index.d.ts'
	node_modules/@types/node/test/reporters.d.ts
	  Referenced via 'test/reporters.d.ts' from file 'node_modules/@types/node/index.d.ts'
	node_modules/@types/node/timers.d.ts
	  Referenced via 'timers.d.ts' from file 'node_modules/@types/node/index.d.ts'
	node_modules/@types/node/timers/promises.d.ts
	  Referenced via 'timers/promises.d.ts' from file 'node_modules/@types/node/index.d.ts'
	node_modules/@types/node/tls.d.ts
	  Referenced via 'tls.d.ts' from file 'node_modules/@types/node/index.d.ts'
	node_modules/@types/node/trace_events.d.ts
	  Referenced via 'trace_events.d.ts' from file 'node_modules/@types/node/index.d.ts'
	node_modules/@types/node/tty.d.ts
	  Referenced via 'tty.d.ts' from file 'node_modules/@types/node/index.d.ts'
	node_modules/@types/node/url.d.ts
	  Referenced via 'url.d.ts' from file 'node_modules/@types/node/index.d.ts'
	node_modules/@types/node/util.d.ts
	  Referenced via 'util.d.ts' from file 'node_modules/@types/node/index.d.ts'
	node_modules/@types/node/util/types.d.ts
	  Referenced via 'util/types.d.ts' from file 'node_modules/@types/node/index.d.ts'
	node_modules/@types/node/v8.d.ts
	  Referenced via 'v8.d.ts' from file 'node_modules/@types/node/index.d.ts'
	node_modules/@types/node/vm.d.ts
	  Referenced via 'vm.d.ts' from file 'node_modules/@types/node/index.d.ts'
	node_modules/@types/node/wasi.d.ts
	  Referenced via 'wasi.d.ts' from file 'node_modules/@types/node/index.d.ts'
	node_modules/@types/node/worker_threads.d.ts
	  Referenced via 'worker_threads.d.ts' from file 'node_modules/@types/node/index.d.ts'
	node_modules/@types/node/zlib.d.ts
	  Referenced via 'zlib.d.ts' from file 'node_modules/@types/node/index.d.ts'
	node_modules/@types/node/zlib/iter.d.ts
	  Referenced via 'zlib/iter.d.ts' from file 'node_modules/@types/node/index.d.ts'
	node_modules/@types/node/index.d.ts
	  Entry point of type library 'node' specified in compilerOptions with packageId '@types/node/index.d.ts@26.2.0'
	  Type library referenced via 'node' from file 'node_modules/undici-types/formdata.d.ts' with packageId '@types/node/index.d.ts@26.2.0'
	  Type library referenced via 'node' from file 'node_modules/undici-types/fetch.d.ts' with packageId '@types/node/index.d.ts@26.2.0'
	  Type library referenced via 'node' from file 'node_modules/undici-types/cookies.d.ts' with packageId '@types/node/index.d.ts@26.2.0'
	  Type library referenced via 'node' from file 'node_modules/undici-types/websocket.d.ts' with packageId '@types/node/index.d.ts@26.2.0'
	  Type library referenced via 'node' from file 'node_modules/undici-types/patch.d.ts' with packageId '@types/node/index.d.ts@26.2.0'
	  Type library referenced via 'node' from file 'node_modules/undici-types/content-type.d.ts' with packageId '@types/node/index.d.ts@26.2.0'

Info 75   [21:26:10.889] -----------------------------------------------
Info 76   [21:26:10.890] FileWatcher:: Added:: WatchInfo: /workspaces/imports-broken/package.json 250 undefined WatchType: package.json file
Info 77   [21:26:10.890] event:
    {"seq":0,"type":"event","event":"projectLoadingFinish","body":{"projectName":"/workspaces/imports-broken/tsconfig.json"}}
Info 78   [21:26:10.891] event:
    {"seq":0,"type":"event","event":"telemetry","body":{"telemetryEventName":"projectInfo","payload":{"projectId":"e4c7bc781e2adcf26b72d33478fd1ca0ea74f545a3aa39eb199b8238a91df2e1","fileStats":{"js":0,"jsSize":0,"jsx":0,"jsxSize":0,"ts":1,"tsSize":956,"tsx":0,"tsxSize":0,"dts":213,"dtsSize":3178970,"deferred":0,"deferredSize":0},"compilerOptions":{"allowImportingTsExtensions":true,"erasableSyntaxOnly":true,"esModuleInterop":true,"skipLibCheck":true,"allowJs":true,"resolveJsonModule":true,"moduleDetection":"force","isolatedModules":true,"verbatimModuleSyntax":true,"noUncheckedIndexedAccess":true,"noImplicitOverride":true,"strict":true,"target":"esnext","lib":["esnext"],"module":"nodenext","types":[""],"moduleResolution":"nodenext","noEmit":true},"typeAcquisition":{"enable":false,"include":false,"exclude":false},"extends":false,"files":false,"include":true,"exclude":false,"compileOnSave":false,"configFileName":"tsconfig.json","projectType":"configured","languageServiceEnabled":true,"version":"6.0.3"}}}
Info 79   [21:26:10.891] event:
    {"seq":0,"type":"event","event":"configFileDiag","body":{"triggerFile":"/workspaces/imports-broken/src/main.ts","configFile":"/workspaces/imports-broken/tsconfig.json","diagnostics":[]}}
Info 80   [21:26:10.891] Project '/workspaces/imports-broken/tsconfig.json' (Configured)
Info 80   [21:26:10.891] 	Files (214)

Info 80   [21:26:10.891] -----------------------------------------------
Info 80   [21:26:10.891] Open files: 
Info 80   [21:26:10.891] 	FileName: /workspaces/imports-broken/src/main.ts ProjectRootPath: /workspaces/imports-broken
Info 80   [21:26:10.891] 		Projects: /workspaces/imports-broken/tsconfig.json
Perf 80   [21:26:10.891] 2::updateOpen: elapsed time (in milliseconds) 279.1461
Info 81   [21:26:10.891] response:
    {"seq":0,"type":"response","command":"updateOpen","request_seq":2,"success":true,"performanceData":{"updateGraphDurationMs":265.673916},"body":true}
Info 82   [21:26:10.892] request:
    {
      "seq": 3,
      "type": "request",
      "command": "geterr",
      "arguments": {
        "delay": 0,
        "files": [
          {
            "file": "/workspaces/imports-broken/src/main.ts",
            "ranges": [
              {
                "startLine": 1,
                "startOffset": 1,
                "endLine": 22,
                "endOffset": 1
              }
            ]
          }
        ]
      }
    }
Perf 83   [21:26:10.892] 3::geterr: async elapsed time (in milliseconds) 0.2452
Info 84   [21:26:10.893] event:
    {"seq":0,"type":"event","event":"syntaxDiag","body":{"file":"/workspaces/imports-broken/src/main.ts","diagnostics":[]}}
Info 85   [21:26:10.895] event:
    {"seq":0,"type":"event","event":"semanticDiag","body":{"file":"/workspaces/imports-broken/src/main.ts","diagnostics":[]}}
Info 86   [21:26:10.896] event:
    {"seq":0,"type":"event","event":"suggestionDiag","body":{"file":"/workspaces/imports-broken/src/main.ts","diagnostics":[{"start":{"line":1,"offset":1},"end":{"line":1,"offset":42},"text":"'createHash' is declared but its value is never read.","code":6133,"category":"suggestion","reportsUnnecessary":true}]}}
Info 87   [21:26:10.896] event:
    {"seq":0,"type":"event","event":"requestCompleted","body":{"request_seq":3,"performanceData":{"diagnosticsDuration":[{"syntaxDiag":0.07241599999997561,"semanticDiag":2.107179999999971,"suggestionDiag":0.58039500000001,"file":"/workspaces/imports-broken/src/main.ts"}]}}}
Info 88   [21:27:05.976] request:
    {
      "seq": 4,
      "type": "request",
      "command": "projectInfo",
      "arguments": {
        "file": "/workspaces/imports-broken/src/main.ts",
        "needFileNameList": false
      }
    }
Perf 89   [21:27:05.977] 4::projectInfo: elapsed time (in milliseconds) 0.2538
Info 90   [21:27:05.977] response:
    {"seq":0,"type":"response","command":"projectInfo","request_seq":4,"success":true,"body":{"configFileName":"/workspaces/imports-broken/tsconfig.json","languageServiceDisabled":false}}
Info 91   [21:27:06.062] request:
    {
      "seq": 5,
      "type": "request",
      "command": "encodedSemanticClassifications-full",
      "arguments": {
        "file": "/workspaces/imports-broken/src/main.ts",
        "start": 0,
        "length": 956,
        "format": "2020"
      }
    }
Perf 92   [21:27:06.062] 5::encodedSemanticClassifications-full: elapsed time (in milliseconds) 0.3225
Info 93   [21:27:06.062] response:
    {"seq":0,"type":"response","command":"encodedSemanticClassifications-full","request_seq":5,"success":true,"body":{"spans":[],"endOfLineState":0}}
Info 94   [21:27:06.275] request:
    {
      "seq": 6,
      "type": "request",
      "command": "geterr",
      "arguments": {
        "delay": 0,
        "files": [
          {
            "file": "/workspaces/imports-broken/src/main.ts",
            "ranges": [
              {
                "startLine": 1,
                "startOffset": 1,
                "endLine": 22,
                "endOffset": 1
              }
            ]
          }
        ]
      }
    }
Perf 95   [21:27:06.276] 6::geterr: async elapsed time (in milliseconds) 0.0745
Info 96   [21:27:06.277] event:
    {"seq":0,"type":"event","event":"syntaxDiag","body":{"file":"/workspaces/imports-broken/src/main.ts","diagnostics":[]}}
Info 97   [21:27:06.277] event:
    {"seq":0,"type":"event","event":"semanticDiag","body":{"file":"/workspaces/imports-broken/src/main.ts","diagnostics":[]}}
Info 98   [21:27:06.277] event:
    {"seq":0,"type":"event","event":"suggestionDiag","body":{"file":"/workspaces/imports-broken/src/main.ts","diagnostics":[{"start":{"line":1,"offset":1},"end":{"line":1,"offset":42},"text":"'createHash' is declared but its value is never read.","code":6133,"category":"suggestion","reportsUnnecessary":true}]}}
Info 99   [21:27:06.277] event:
    {"seq":0,"type":"event","event":"requestCompleted","body":{"request_seq":6,"performanceData":{"diagnosticsDuration":[{"syntaxDiag":0.011620000004768372,"semanticDiag":0.012939000000187661,"suggestionDiag":0.1231060000063735,"file":"/workspaces/imports-broken/src/main.ts"}]}}}


